Archive member included to satisfy reference by file (symbol)

c:/program files (x86)/atmel/studio/7.0/toolchain/avr8/avr8-gnu-toolchain/bin/../lib/gcc/avr/5.4.0/avrxmega6\libgcc.a(_udivmodsi4.o)
                              src/ASF/xmega/drivers/usart/usart.o (__udivmodsi4)
c:/program files (x86)/atmel/studio/7.0/toolchain/avr8/avr8-gnu-toolchain/bin/../lib/gcc/avr/5.4.0/avrxmega6\libgcc.a(_exit.o)
                              c:/program files (x86)/atmel/studio/7.0/toolchain/avr8/avr8-gnu-toolchain/bin/../lib/gcc/avr/5.4.0/../../../../avr/lib/avrxmega6/crtatxmega256a3bu.o (exit)
c:/program files (x86)/atmel/studio/7.0/toolchain/avr8/avr8-gnu-toolchain/bin/../lib/gcc/avr/5.4.0/avrxmega6\libgcc.a(_tablejump2.o)
                              src/FreeRTOS/timers.o (__tablejump2__)
c:/program files (x86)/atmel/studio/7.0/toolchain/avr8/avr8-gnu-toolchain/bin/../lib/gcc/avr/5.4.0/avrxmega6\libgcc.a(_copy_data.o)
                              src/ASF/common/services/gfx_mono/sysfont.o (__do_copy_data)
c:/program files (x86)/atmel/studio/7.0/toolchain/avr8/avr8-gnu-toolchain/bin/../lib/gcc/avr/5.4.0/avrxmega6\libgcc.a(_clear_bss.o)
                              src/ASF/common/services/gfx_mono/gfx_mono_c12832_a1z.o (__do_clear_bss)
c:/program files (x86)/atmel/studio/7.0/toolchain/avr8/avr8-gnu-toolchain/bin/../lib/gcc/avr/5.4.0/../../../../avr/lib/avrxmega6\libc.a(malloc.o)
                              src/FreeRTOS/portable/MemMang/heap_3.o (malloc)
c:/program files (x86)/atmel/studio/7.0/toolchain/avr8/avr8-gnu-toolchain/bin/../lib/gcc/avr/5.4.0/../../../../avr/lib/avrxmega6\libc.a(memcpy.o)
                              src/ASF/xmega/drivers/nvm/nvm.o (memcpy)
c:/program files (x86)/atmel/studio/7.0/toolchain/avr8/avr8-gnu-toolchain/bin/../lib/gcc/avr/5.4.0/../../../../avr/lib/avrxmega6\libc.a(strcmp.o)
                              src/main.o (strcmp)

Allocating common symbols
Common symbol       size              file

__brkval            0x2               c:/program files (x86)/atmel/studio/7.0/toolchain/avr8/avr8-gnu-toolchain/bin/../lib/gcc/avr/5.4.0/../../../../avr/lib/avrxmega6\libc.a(malloc.o)
__flp               0x2               c:/program files (x86)/atmel/studio/7.0/toolchain/avr8/avr8-gnu-toolchain/bin/../lib/gcc/avr/5.4.0/../../../../avr/lib/avrxmega6\libc.a(malloc.o)

Discarded input sections

 .data          0x00000000        0x0 c:/program files (x86)/atmel/studio/7.0/toolchain/avr8/avr8-gnu-toolchain/bin/../lib/gcc/avr/5.4.0/../../../../avr/lib/avrxmega6/crtatxmega256a3bu.o
 .bss           0x00000000        0x0 c:/program files (x86)/atmel/studio/7.0/toolchain/avr8/avr8-gnu-toolchain/bin/../lib/gcc/avr/5.4.0/../../../../avr/lib/avrxmega6/crtatxmega256a3bu.o
 .group         0x00000000        0x8 src/ASF/common/components/display/st7565r/st7565r.o
 .group         0x00000000        0x8 src/ASF/common/components/display/st7565r/st7565r.o
 .group         0x00000000        0x8 src/ASF/common/components/display/st7565r/st7565r.o
 .group         0x00000000        0x8 src/ASF/common/components/display/st7565r/st7565r.o
 .group         0x00000000        0x8 src/ASF/common/components/display/st7565r/st7565r.o
 .group         0x00000000        0x8 src/ASF/common/components/display/st7565r/st7565r.o
 .group         0x00000000        0x8 src/ASF/common/components/display/st7565r/st7565r.o
 .group         0x00000000        0x8 src/ASF/common/components/display/st7565r/st7565r.o
 .group         0x00000000        0x8 src/ASF/common/components/display/st7565r/st7565r.o
 .group         0x00000000        0x8 src/ASF/common/components/display/st7565r/st7565r.o
 .group         0x00000000        0x8 src/ASF/common/components/display/st7565r/st7565r.o
 .group         0x00000000        0x8 src/ASF/common/components/display/st7565r/st7565r.o
 .group         0x00000000        0x8 src/ASF/common/components/display/st7565r/st7565r.o
 .group         0x00000000        0x8 src/ASF/common/components/display/st7565r/st7565r.o
 .group         0x00000000        0x8 src/ASF/common/components/display/st7565r/st7565r.o
 .group         0x00000000        0x8 src/ASF/common/components/display/st7565r/st7565r.o
 .group         0x00000000        0x8 src/ASF/common/components/display/st7565r/st7565r.o
 .group         0x00000000        0x8 src/ASF/common/components/display/st7565r/st7565r.o
 .group         0x00000000        0x8 src/ASF/common/components/display/st7565r/st7565r.o
 .group         0x00000000        0x8 src/ASF/common/components/display/st7565r/st7565r.o
 .group         0x00000000        0x8 src/ASF/common/components/display/st7565r/st7565r.o
 .group         0x00000000        0x8 src/ASF/common/components/display/st7565r/st7565r.o
 .group         0x00000000        0x8 src/ASF/common/components/display/st7565r/st7565r.o
 .group         0x00000000        0x8 src/ASF/common/components/display/st7565r/st7565r.o
 .group         0x00000000        0x8 src/ASF/common/components/display/st7565r/st7565r.o
[...]
Memory Configuration

Name             Origin             Length             Attributes
text             0x00000000         0x00100000         xr
data             0x00802000         0x0000ffa0         rw !x
eeprom           0x00810000         0x00010000         rw !x
fuse             0x00820000         0x00000006         rw !x
lock             0x00830000         0x00000400         rw !x
signature        0x00840000         0x00000400         rw !x
user_signatures  0x00850000         0x00000400         rw !x
*default*        0x00000000         0xffffffff

Linker script and memory map

LOAD c:/program files (x86)/atmel/studio/7.0/toolchain/avr8/avr8-gnu-toolchain/bin/../lib/gcc/avr/5.4.0/../../../../avr/lib/avrxmega6/crtatxmega256a3bu.o
LOAD src/ASF/common/components/display/st7565r/st7565r.o
LOAD src/ASF/common/services/gfx_mono/gfx_mono_c12832_a1z.o
LOAD src/ASF/common/services/serial/usart_serial.o
LOAD src/ASF/xmega/drivers/usart/usart.o
LOAD src/ASF/common/services/spi/xmega_usart_spi/usart_spi.o
LOAD src/ASF/common/services/spi/xmega_spi/spi_master.o
LOAD src/ASF/common/services/gfx_mono/gfx_mono_framebuffer.o
LOAD src/ASF/common/services/gfx_mono/gfx_mono_generic.o
LOAD src/ASF/common/services/clock/xmega/sysclk.o
LOAD src/ASF/common/services/gfx_mono/gfx_mono_text.o
LOAD src/ASF/xmega/drivers/nvm/nvm.o
LOAD src/ASF/xmega/drivers/spi/spi.o
LOAD src/ASF/xmega/drivers/nvm/nvm_asm.o
LOAD src/ASF/xmega/drivers/cpu/ccp.o
LOAD src/ASF/common/services/gfx_mono/sysfont.o
LOAD src/ASF/common/services/ioport/xmega/ioport_compat.o
LOAD src/ASF/xmega/boards/xmega_a3bu_xplained/init.o
LOAD src/FreeRTOS/croutine.o
LOAD src/FreeRTOS/event_groups.o
LOAD src/FreeRTOS/list.o
LOAD src/FreeRTOS/portable/GCC/ATXmega256A3BU/port.o
LOAD src/FreeRTOS/portable/MemMang/heap_3.o
LOAD src/FreeRTOS/queue.o
LOAD src/FreeRTOS/tasks.o
LOAD src/FreeRTOS/timers.o
LOAD src/main.o
START GROUP
LOAD c:/program files (x86)/atmel/studio/7.0/toolchain/avr8/avr8-gnu-toolchain/bin/../lib/gcc/avr/5.4.0/../../../../avr/lib/avrxmega6\libm.a
END GROUP
Address of section .BOOT set to 0x40000
START GROUP
LOAD c:/program files (x86)/atmel/studio/7.0/toolchain/avr8/avr8-gnu-toolchain/bin/../lib/gcc/avr/5.4.0/avrxmega6\libgcc.a
LOAD c:/program files (x86)/atmel/studio/7.0/toolchain/avr8/avr8-gnu-toolchain/bin/../lib/gcc/avr/5.4.0/../../../../avr/lib/avrxmega6\libm.a
LOAD c:/program files (x86)/atmel/studio/7.0/toolchain/avr8/avr8-gnu-toolchain/bin/../lib/gcc/avr/5.4.0/../../../../avr/lib/avrxmega6\libc.a
LOAD c:/program files (x86)/atmel/studio/7.0/toolchain/avr8/avr8-gnu-toolchain/bin/../lib/gcc/avr/5.4.0/../../../../avr/lib/avrxmega6\libatxmega256a3bu.a
END GROUP
                0x00100000                __TEXT_REGION_LENGTH__ = DEFINED (__TEXT_REGION_LENGTH__)?__TEXT_REGION_LENGTH__:0x100000
                0x0000ffa0                __DATA_REGION_LENGTH__ = DEFINED (__DATA_REGION_LENGTH__)?__DATA_REGION_LENGTH__:0xffa0
                0x00010000                __EEPROM_REGION_LENGTH__ = DEFINED (__EEPROM_REGION_LENGTH__)?__EEPROM_REGION_LENGTH__:0x10000
                [0x00000006]                __FUSE_REGION_LENGTH__ = DEFINED (__FUSE_REGION_LENGTH__)?__FUSE_REGION_LENGTH__:0x400
                0x00000400                __LOCK_REGION_LENGTH__ = DEFINED (__LOCK_REGION_LENGTH__)?__LOCK_REGION_LENGTH__:0x400
                0x00000400                __SIGNATURE_REGION_LENGTH__ = DEFINED (__SIGNATURE_REGION_LENGTH__)?__SIGNATURE_REGION_LENGTH__:0x400
                0x00000400                __USER_SIGNATURE_REGION_LENGTH__ = DEFINED (__USER_SIGNATURE_REGION_LENGTH__)?__USER_SIGNATURE_REGION_LENGTH__:0x400

.hash
 *(.hash)

.dynsym
 *(.dynsym)

.dynstr
 *(.dynstr)

.gnu.version
 *(.gnu.version)

.gnu.version_d
 *(.gnu.version_d)

.gnu.version_r
 *(.gnu.version_r)

.rel.init
 *(.rel.init)

.rela.init
 *(.rela.init)

.rel.text
 *(.rel.text)
 *(.rel.text.*)
 *(.rel.gnu.linkonce.t*)

.rela.text
 *(.rela.text)
 *(.rela.text.*)
 *(.rela.gnu.linkonce.t*)

.rel.fini
 *(.rel.fini)

.rela.fini
 *(.rela.fini)

.rel.rodata
 *(.rel.rodata)
 *(.rel.rodata.*)
 *(.rel.gnu.linkonce.r*)

.rela.rodata
 *(.rela.rodata)
 *(.rela.rodata.*)
 *(.rela.gnu.linkonce.r*)

.rel.data
 *(.rel.data)
 *(.rel.data.*)
 *(.rel.gnu.linkonce.d*)

.rela.data
 *(.rela.data)
 *(.rela.data.*)
 *(.rela.gnu.linkonce.d*)

.rel.ctors
 *(.rel.ctors)

.rela.ctors
 *(.rela.ctors)

.rel.dtors
 *(.rel.dtors)

.rela.dtors
 *(.rela.dtors)

.rel.got
 *(.rel.got)

.rela.got
 *(.rela.got)

.rel.bss
 *(.rel.bss)

.rela.bss
 *(.rela.bss)

.rel.plt
 *(.rel.plt)

.rela.plt
 *(.rela.plt)

.text           0x00000000     0x2c9a
 *(.vectors)
 .vectors       0x00000000      0x1fc c:/program files (x86)/atmel/studio/7.0/toolchain/avr8/avr8-gnu-toolchain/bin/../lib/gcc/avr/5.4.0/../../../../avr/lib/avrxmega6/crtatxmega256a3bu.o
                0x00000000                __vector_default
                0x00000000                __vectors
 *(.vectors)
 *(.progmem.gcc*)
 .progmem.gcc_sw_table.prvTimerTask
                0x000001fc       0x14 src/FreeRTOS/timers.o
                0x00000210                . = ALIGN (0x2)
                0x00000210                __trampolines_start = .
 *(.trampolines)
 .trampolines   0x00000210        0x0 linker stubs
 *(.trampolines*)
                0x00000210                __trampolines_end = .
 *libprintf_flt.a:*(.progmem.data)
 *libc.a:*(.progmem.data)
 *(.progmem*)
                0x00000210                . = ALIGN (0x2)
 *(.jumptables)
 *(.jumptables*)
 *(.lowtext)
 *(.lowtext*)
                0x00000210                __ctors_start = .
 *(.ctors)
                0x00000210                __ctors_end = .
                0x00000210                __dtors_start = .
 *(.dtors)
                0x00000210                __dtors_end = .
 SORT(*)(.ctors)
 SORT(*)(.dtors)
 *(.init0)
 .init0         0x00000210        0x0 c:/program files (x86)/atmel/studio/7.0/toolchain/avr8/avr8-gnu-toolchain/bin/../lib/gcc/avr/5.4.0/../../../../avr/lib/avrxmega6/crtatxmega256a3bu.o
                0x00000210                __init
 *(.init0)
 *(.init1)
 *(.init1)
 *(.init2)
 .init2         0x00000210       0x10 c:/program files (x86)/atmel/studio/7.0/toolchain/avr8/avr8-gnu-toolchain/bin/../lib/gcc/avr/5.4.0/../../../../avr/lib/avrxmega6/crtatxmega256a3bu.o
 *(.init2)
 *(.init3)
 *(.init3)
 *(.init4)
 .init4         0x00000220       0x1a c:/program files (x86)/atmel/studio/7.0/toolchain/avr8/avr8-gnu-toolchain/bin/../lib/gcc/avr/5.4.0/avrxmega6\libgcc.a(_copy_data.o)
                0x00000220                __do_copy_data
 .init4         0x0000023a       0x10 c:/program files (x86)/atmel/studio/7.0/toolchain/avr8/avr8-gnu-toolchain/bin/../lib/gcc/avr/5.4.0/avrxmega6\libgcc.a(_clear_bss.o)
                0x0000023a                __do_clear_bss
 *(.init4)
 *(.init5)
 *(.init5)
 *(.init6)
 *(.init6)
 *(.init7)
 *(.init7)
 *(.init8)
 *(.init8)
 *(.init9)
 .init9         0x0000024a        0x8 c:/program files (x86)/atmel/studio/7.0/toolchain/avr8/avr8-gnu-toolchain/bin/../lib/gcc/avr/5.4.0/../../../../avr/lib/avrxmega6/crtatxmega256a3bu.o
 *(.init9)
 *(.text)
 .text          0x00000252        0x2 c:/program files (x86)/atmel/studio/7.0/toolchain/avr8/avr8-gnu-toolchain/bin/../lib/gcc/avr/5.4.0/../../../../avr/lib/avrxmega6/crtatxmega256a3bu.o
                0x00000252                __vector_38
                0x00000252                __vector_104
                0x00000252                __vector_22
                0x00000252                __vector_63
                0x00000252                __vector_28
                0x00000252                __vector_67
                0x00000252                __vector_1
                0x00000252                __vector_119
                0x00000252                __vector_32
                0x00000252                __vector_75
                0x00000252                __vector_71
                0x00000252                __vector_91
                0x00000252                __vector_34
                0x00000252                __vector_62
                0x00000252                __vector_77
                0x00000252                __vector_102
                0x00000252                __vector_24
                0x00000252                __vector_12
                0x00000252                __vector_55
                0x00000252                __vector_69
                0x00000252                __vector_81
                0x00000252                __vector_90
                0x00000252                __vector_46
                0x00000252                __bad_interrupt
                0x00000252                __vector_122
                0x00000252                __vector_72
                0x00000252                __vector_114
                0x00000252                __vector_6
                0x00000252                __vector_110
                0x00000252                __vector_31
                0x00000252                __vector_92
                0x00000252                __vector_35
                0x00000252                __vector_78
                0x00000252                __vector_74
                0x00000252                __vector_117
                0x00000252                __vector_39
                0x00000252                __vector_107
                0x00000252                __vector_3
                0x00000252                __vector_105
                0x00000252                __vector_98
                0x00000252                __vector_23
                0x00000252                __vector_68
                0x00000252                __vector_30
                0x00000252                __vector_73
                0x00000252                __vector_45
                0x00000252                __vector_25
                0x00000252                __vector_93
                0x00000252                __vector_61
                0x00000252                __vector_11
                0x00000252                __vector_54
                0x00000252                __vector_99
                0x00000252                __vector_13
                0x00000252                __vector_17
                0x00000252                __vector_19
                0x00000252                __vector_56
                0x00000252                __vector_7
                0x00000252                __vector_125
                0x00000252                __vector_49
                0x00000252                __vector_123
                0x00000252                __vector_41
                0x00000252                __vector_86
                0x00000252                __vector_100
                0x00000252                __vector_101
                0x00000252                __vector_64
                0x00000252                __vector_88
                0x00000252                __vector_109
                0x00000252                __vector_43
                0x00000252                __vector_27
                0x00000252                __vector_5
                0x00000252                __vector_113
                0x00000252                __vector_33
                0x00000252                __vector_76
                0x00000252                __vector_115
                0x00000252                __vector_47
                0x00000252                __vector_52
                0x00000252                __vector_37
                0x00000252                __vector_95
                0x00000252                __vector_103
                0x00000252                __vector_96
                0x00000252                __vector_89
                0x00000252                __vector_108
                0x00000252                __vector_4
                0x00000252                __vector_44
                0x00000252                __vector_82
                0x00000252                __vector_106
                0x00000252                __vector_118
                0x00000252                __vector_51
                0x00000252                __vector_9
                0x00000252                __vector_2
                0x00000252                __vector_21
                0x00000252                __vector_15
                0x00000252                __vector_66
                0x00000252                __vector_36
                0x00000252                __vector_79
                0x00000252                __vector_58
                0x00000252                __vector_70
                0x00000252                __vector_83
                0x00000252                __vector_29
                0x00000252                __vector_60
                0x00000252                __vector_121
                0x00000252                __vector_40
                0x00000252                __vector_85
                0x00000252                __vector_94
                0x00000252                __vector_126
                0x00000252                __vector_8
                0x00000252                __vector_26
                0x00000252                __vector_48
                0x00000252                __vector_124
                0x00000252                __vector_116
                0x00000252                __vector_112
                0x00000252                __vector_111
                0x00000252                __vector_80
                0x00000252                __vector_84
                0x00000252                __vector_57
                0x00000252                __vector_53
                0x00000252                __vector_10
                0x00000252                __vector_50
                0x00000252                __vector_16
                0x00000252                __vector_59
                0x00000252                __vector_18
                0x00000252                __vector_97
                0x00000252                __vector_20
                0x00000252                __vector_42
                0x00000252                __vector_87
                0x00000252                __vector_65
                0x00000252                __vector_120
                0x00000254                . = ALIGN (0x2)
 *(.text.*)
 .text.__portable_avr_delay_cycles
                0x00000254        0xc src/ASF/common/components/display/st7565r/st7565r.o
 .text.st7565r_init
                0x00000260      0x388 src/ASF/common/components/display/st7565r/st7565r.o
                0x00000260                st7565r_init
 .text.gfx_mono_st7565r_put_byte
                0x000005e8      0x14e src/ASF/common/services/gfx_mono/gfx_mono_c12832_a1z.o
                0x000005e8                gfx_mono_st7565r_put_byte
 .text.gfx_mono_st7565r_init
                0x00000736       0x84 src/ASF/common/services/gfx_mono/gfx_mono_c12832_a1z.o
                0x00000736                gfx_mono_st7565r_init
 .text.usart_putchar
                0x000007ba       0x10 src/ASF/xmega/drivers/usart/usart.o
                0x000007ba                usart_putchar
 .text.usart_set_baudrate
                0x000007ca      0x226 src/ASF/xmega/drivers/usart/usart.o
                0x000007ca                usart_set_baudrate
 .text.usart_init_rs232
                0x000009f0      0x222 src/ASF/xmega/drivers/usart/usart.o
                0x000009f0                usart_init_rs232
 .text.usart_spi_set_baudrate
                0x00000c12       0x64 src/ASF/xmega/drivers/usart/usart.o
                0x00000c12                usart_spi_set_baudrate
 .text.usart_init_spi
                0x00000c76      0x33a src/ASF/xmega/drivers/usart/usart.o
                0x00000c76                usart_init_spi
 .text.usart_spi_init
                0x00000fb0       0x5e src/ASF/common/services/spi/xmega_usart_spi/usart_spi.o
                0x00000fb0                usart_spi_init
 .text.usart_spi_setup_device
                0x0000100e       0x34 src/ASF/common/services/spi/xmega_usart_spi/usart_spi.o
                0x0000100e                usart_spi_setup_device
 .text.usart_spi_select_device
                0x00001042       0x2c src/ASF/common/services/spi/xmega_usart_spi/usart_spi.o
                0x00001042                usart_spi_select_device
 .text.usart_spi_deselect_device
                0x0000106e       0x2c src/ASF/common/services/spi/xmega_usart_spi/usart_spi.o
                0x0000106e                usart_spi_deselect_device
 .text.gfx_mono_set_framebuffer
                0x0000109a        0xa src/ASF/common/services/gfx_mono/gfx_mono_framebuffer.o
                0x0000109a                gfx_mono_set_framebuffer
 .text.gfx_mono_framebuffer_put_byte
                0x000010a4       0x1c src/ASF/common/services/gfx_mono/gfx_mono_framebuffer.o
                0x000010a4                gfx_mono_framebuffer_put_byte
 .text.sysclk_init
                0x000010c0       0x4e src/ASF/common/services/clock/xmega/sysclk.o
                0x000010c0                sysclk_init
 .text.sysclk_enable_module
                0x0000110e       0x18 src/ASF/common/services/clock/xmega/sysclk.o
                0x0000110e                sysclk_enable_module
 .text.ccp_write_io
                0x00001126        0xc src/ASF/xmega/drivers/cpu/ccp.o
                0x00001126                ccp_write_io
 .text.ioport_configure_port_pin
                0x00001132       0x4e src/ASF/common/services/ioport/xmega/ioport_compat.o
                0x00001132                ioport_configure_port_pin
 .text.board_init
                0x00001180      0x13a src/ASF/xmega/boards/xmega_a3bu_xplained/init.o
                0x00001180                board_init
 .text.vListInitialise
                0x000012ba       0x1c src/FreeRTOS/list.o
                0x000012ba                vListInitialise
 .text.vListInitialiseItem
                0x000012d6        0x8 src/FreeRTOS/list.o
                0x000012d6                vListInitialiseItem
 .text.vListInsertEnd
                0x000012de       0x42 src/FreeRTOS/list.o
                0x000012de                vListInsertEnd
 .text.vListInsert
                0x00001320       0x62 src/FreeRTOS/list.o
                0x00001320                vListInsert
 .text.uxListRemove
                0x00001382       0x4c src/FreeRTOS/list.o
                0x00001382                uxListRemove
 .text.pxPortInitialiseStack
                0x000013ce       0xee src/FreeRTOS/portable/GCC/ATXmega256A3BU/port.o
                0x000013ce                pxPortInitialiseStack
 .text.xPortStartScheduler
                0x000014bc       0x8a src/FreeRTOS/portable/GCC/ATXmega256A3BU/port.o
                0x000014bc                xPortStartScheduler
 .text.vPortYield
                0x00001546       0xb0 src/FreeRTOS/portable/GCC/ATXmega256A3BU/port.o
                0x00001546                vPortYield
 .text.__vector_14
                0x000015f6       0xb4 src/FreeRTOS/portable/GCC/ATXmega256A3BU/port.o
                0x000015f6                __vector_14
 .text.pvPortMalloc
                0x000016aa       0x1a src/FreeRTOS/portable/MemMang/heap_3.o
                0x000016aa                pvPortMalloc
 .text.vPortFree
                0x000016c4       0x1a src/FreeRTOS/portable/MemMang/heap_3.o
                0x000016c4                vPortFree
 .text.prvCopyDataToQueue
                0x000016de       0x96 src/FreeRTOS/queue.o
 .text.prvCopyDataFromQueue
                0x00001774       0x34 src/FreeRTOS/queue.o
 .text.prvUnlockQueue
                0x000017a8       0x90 src/FreeRTOS/queue.o
 .text.xQueueGenericReset
                0x00001838       0x72 src/FreeRTOS/queue.o
                0x00001838                xQueueGenericReset
 .text.xQueueGenericCreate
                0x000018aa       0x52 src/FreeRTOS/queue.o
                0x000018aa                xQueueGenericCreate
 .text.xQueueGenericSend
                0x000018fc      0x11a src/FreeRTOS/queue.o
                0x000018fc                xQueueGenericSend
 .text.xQueueGenericSendFromISR
                0x00001a16       0x6c src/FreeRTOS/queue.o
                0x00001a16                xQueueGenericSendFromISR
 .text.xQueueGenericReceive
                0x00001a82      0x12e src/FreeRTOS/queue.o
                0x00001a82                xQueueGenericReceive
 .text.vQueueWaitForMessageRestricted
                0x00001bb0       0x36 src/FreeRTOS/queue.o
                0x00001bb0                vQueueWaitForMessageRestricted
 .text.prvIdleTask
                0x00001be6        0xe src/FreeRTOS/tasks.o
 .text.prvAddCurrentTaskToDelayedList
                0x00001bf4       0x6a src/FreeRTOS/tasks.o
 .text.xTaskGenericCreate
                0x00001c5e      0x202 src/FreeRTOS/tasks.o
                0x00001c5e                xTaskGenericCreate
 .text.vTaskStartScheduler
                0x00001e60       0x66 src/FreeRTOS/tasks.o
                0x00001e60                vTaskStartScheduler
 .text.vTaskSuspendAll
                0x00001ec6        0xc src/FreeRTOS/tasks.o
                0x00001ec6                vTaskSuspendAll
 .text.xTaskGetTickCount
                0x00001ed2       0x14 src/FreeRTOS/tasks.o
                0x00001ed2                xTaskGetTickCount
 .text.xTaskIncrementTick
                0x00001ee6      0x1a6 src/FreeRTOS/tasks.o
                0x00001ee6                xTaskIncrementTick
 .text.xTaskResumeAll
                0x0000208c       0xfa src/FreeRTOS/tasks.o
                0x0000208c                xTaskResumeAll
 .text.vTaskDelay
                0x00002186       0x36 src/FreeRTOS/tasks.o
                0x00002186                vTaskDelay
 .text.vTaskSwitchContext
                0x000021bc       0xda src/FreeRTOS/tasks.o
                0x000021bc                vTaskSwitchContext
 .text.vTaskPlaceOnEventList
                0x00002296       0x34 src/FreeRTOS/tasks.o
                0x00002296                vTaskPlaceOnEventList
 .text.vTaskPlaceOnEventListRestricted
                0x000022ca       0x34 src/FreeRTOS/tasks.o
                0x000022ca                vTaskPlaceOnEventListRestricted
 .text.xTaskRemoveFromEventList
                0x000022fe       0x8c src/FreeRTOS/tasks.o
                0x000022fe                xTaskRemoveFromEventList
 .text.vTaskSetTimeOutState
                0x0000238a       0x16 src/FreeRTOS/tasks.o
                0x0000238a                vTaskSetTimeOutState
 .text.xTaskCheckForTimeOut
                0x000023a0       0x62 src/FreeRTOS/tasks.o
                0x000023a0                xTaskCheckForTimeOut
 .text.vTaskMissedYield
                0x00002402        0x8 src/FreeRTOS/tasks.o
                0x00002402                vTaskMissedYield
 .text.xTaskGetSchedulerState
                0x0000240a       0x1c src/FreeRTOS/tasks.o
                0x0000240a                xTaskGetSchedulerState
 .text.prvInsertTimerInActiveList
                0x00002426       0x5e src/FreeRTOS/timers.o
 .text.prvCheckForValidListAndQueue
                0x00002484       0x50 src/FreeRTOS/timers.o
 .text.xTimerCreateTimerTask
                0x000024d4       0x50 src/FreeRTOS/timers.o
                0x000024d4                xTimerCreateTimerTask
 .text.xTimerCreate
                0x00002524       0x6c src/FreeRTOS/timers.o
                0x00002524                xTimerCreate
 .text.xTimerGenericCommand
                0x00002590       0x84 src/FreeRTOS/timers.o
                0x00002590                xTimerGenericCommand
 .text.prvSampleTimeNow
                0x00002614       0xdc src/FreeRTOS/timers.o
 .text.prvTimerTask
                0x000026f0      0x1b6 src/FreeRTOS/timers.o
 .text.vTimerCallback
                0x000028a6       0x28 src/main.o
                0x000028a6                vTimerCallback
 .text.freeHeap
                0x000028ce        0xe src/main.o
 .text.setUpSerial
                0x000028dc       0x1c src/main.o
                0x000028dc                setUpSerial
 .text.sendString
                0x000028f8       0x24 src/main.o
                0x000028f8                sendString
 .text.ACK      0x0000291c        0xe src/main.o
 .text.main     0x0000292a       0xc4 src/main.o
                0x0000292a                main
 .text.libgcc.div
                0x000029ee       0x44 c:/program files (x86)/atmel/studio/7.0/toolchain/avr8/avr8-gnu-toolchain/bin/../lib/gcc/avr/5.4.0/avrxmega6\libgcc.a(_udivmodsi4.o)
                0x000029ee                __udivmodsi4
 .text.libgcc   0x00002a32       0x10 c:/program files (x86)/atmel/studio/7.0/toolchain/avr8/avr8-gnu-toolchain/bin/../lib/gcc/avr/5.4.0/avrxmega6\libgcc.a(_tablejump2.o)
                0x00002a32                __tablejump2__
 .text.avr-libc
                0x00002a42      0x242 c:/program files (x86)/atmel/studio/7.0/toolchain/avr8/avr8-gnu-toolchain/bin/../lib/gcc/avr/5.4.0/../../../../avr/lib/avrxmega6\libc.a(malloc.o)
                0x00002a42                malloc
                0x00002b72                free
 .text.avr-libc
                0x00002c84       0x12 c:/program files (x86)/atmel/studio/7.0/toolchain/avr8/avr8-gnu-toolchain/bin/../lib/gcc/avr/5.4.0/../../../../avr/lib/avrxmega6\libc.a(memcpy.o)
                0x00002c84                memcpy
                0x00002c96                . = ALIGN (0x2)
 *(.fini9)
 .fini9         0x00002c96        0x0 c:/program files (x86)/atmel/studio/7.0/toolchain/avr8/avr8-gnu-toolchain/bin/../lib/gcc/avr/5.4.0/avrxmega6\libgcc.a(_exit.o)
                0x00002c96                _exit
                0x00002c96                exit
 *(.fini9)
 *(.fini8)
 *(.fini8)
 *(.fini7)
 *(.fini7)
 *(.fini6)
 *(.fini6)
 *(.fini5)
 *(.fini5)
 *(.fini4)
 *(.fini4)
 *(.fini3)
 *(.fini3)
 *(.fini2)
 *(.fini2)
 *(.fini1)
 *(.fini1)
 *(.fini0)
 .fini0         0x00002c96        0x4 c:/program files (x86)/atmel/studio/7.0/toolchain/avr8/avr8-gnu-toolchain/bin/../lib/gcc/avr/5.4.0/avrxmega6\libgcc.a(_exit.o)
 *(.fini0)
                0x00002c9a                _etext = .

.data           0x00802000       0x34 load address 0x00002c9a
                0x00802000                PROVIDE (__data_start, .)
 *(.data)
 .data          0x00802000        0x6 c:/program files (x86)/atmel/studio/7.0/toolchain/avr8/avr8-gnu-toolchain/bin/../lib/gcc/avr/5.4.0/../../../../avr/lib/avrxmega6\libc.a(malloc.o)
                0x00802000                __malloc_heap_end
                0x00802002                __malloc_heap_start
                0x00802004                __malloc_margin
 *(.data*)
 .data.USART_SERIAL_OPTIONS.6162
                0x00802006        0x7 src/main.o
 *(.rodata)
 *(.rodata*)
 .rodata.str1.1
                0x0080200d        0x5 src/FreeRTOS/tasks.o
 .rodata.str1.1
                0x00802012        0x8 src/FreeRTOS/timers.o
 .rodata.str1.1
                0x0080201a       0x1a src/main.o
                                 0x1b (size before relaxing)
 *(.gnu.linkonce.d*)
                0x00802034                . = ALIGN (0x2)
                0x00802034                _edata = .
                0x00802034                PROVIDE (__data_end, .)

.bss            0x00802034      0x27e
                0x00802034                PROVIDE (__bss_start, .)
 *(.bss)
 *(.bss*)
 .bss.framebuffer
                0x00802034      0x200 src/ASF/common/services/gfx_mono/gfx_mono_c12832_a1z.o
 .bss.fbpointer
                0x00802234        0x2 src/ASF/common/services/gfx_mono/gfx_mono_framebuffer.o
 .bss.uxSchedulerSuspended
                0x00802236        0x1 src/FreeRTOS/tasks.o
 .bss.xNextTaskUnblockTime
                0x00802237        0x2 src/FreeRTOS/tasks.o
 .bss.uxTaskNumber
                0x00802239        0x1 src/FreeRTOS/tasks.o
 .bss.xNumOfOverflows
                0x0080223a        0x1 src/FreeRTOS/tasks.o
 .bss.xYieldPending
                0x0080223b        0x1 src/FreeRTOS/tasks.o
 .bss.uxPendedTicks
                0x0080223c        0x1 src/FreeRTOS/tasks.o
 .bss.xSchedulerRunning
                0x0080223d        0x1 src/FreeRTOS/tasks.o
 .bss.uxTopReadyPriority
                0x0080223e        0x1 src/FreeRTOS/tasks.o
 .bss.xTickCount
                0x0080223f        0x2 src/FreeRTOS/tasks.o
 .bss.uxCurrentNumberOfTasks
                0x00802241        0x1 src/FreeRTOS/tasks.o
 .bss.xPendingReadyList
                0x00802242        0x9 src/FreeRTOS/tasks.o
 .bss.pxOverflowDelayedTaskList
                0x0080224b        0x2 src/FreeRTOS/tasks.o
 .bss.pxDelayedTaskList
                0x0080224d        0x2 src/FreeRTOS/tasks.o
 .bss.xDelayedTaskList2
                0x0080224f        0x9 src/FreeRTOS/tasks.o
 .bss.xDelayedTaskList1
                0x00802258        0x9 src/FreeRTOS/tasks.o
 .bss.pxReadyTasksLists
                0x00802261       0x2d src/FreeRTOS/tasks.o
 .bss.pxCurrentTCB
                0x0080228e        0x2 src/FreeRTOS/tasks.o
                0x0080228e                pxCurrentTCB
 .bss.xLastTime.4400
                0x00802290        0x2 src/FreeRTOS/timers.o
 .bss.xTimerQueue
                0x00802292        0x2 src/FreeRTOS/timers.o
 .bss.pxOverflowTimerList
                0x00802294        0x2 src/FreeRTOS/timers.o
 .bss.pxCurrentTimerList
                0x00802296        0x2 src/FreeRTOS/timers.o
 .bss.xActiveTimerList2
                0x00802298        0x9 src/FreeRTOS/timers.o
 .bss.xActiveTimerList1
                0x008022a1        0x9 src/FreeRTOS/timers.o
 .bss.increment
                0x008022aa        0x4 src/main.o
                0x008022aa                increment
 *(COMMON)
 COMMON         0x008022ae        0x4 c:/program files (x86)/atmel/studio/7.0/toolchain/avr8/avr8-gnu-toolchain/bin/../lib/gcc/avr/5.4.0/../../../../avr/lib/avrxmega6\libc.a(malloc.o)
                0x008022ae                __brkval
                0x008022b0                __flp
                0x008022b2                PROVIDE (__bss_end, .)
                0x00002c9a                __data_load_start = LOADADDR (.data)
                0x00002cce                __data_load_end = (__data_load_start + SIZEOF (.data))

.noinit         0x008022b2        0x0
                [!provide]                PROVIDE (__noinit_start, .)
 *(.noinit*)
                [!provide]                PROVIDE (__noinit_end, .)
                0x008022b2                _end = .
                0x008022b2                PROVIDE (__heap_start, .)

.eeprom         0x00810000        0x0
 *(.eeprom*)
                0x00810000                __eeprom_end = .

.fuse
 *(.fuse)
 *(.lfuse)
 *(.hfuse)
 *(.efuse)

.lock
 *(.lock*)

.signature
 *(.signature*)

.user_signatures
 *(.user_signatures*)

.stab
 *(.stab)

.stabstr
 *(.stabstr)

.stab.excl
 *(.stab.excl)

.stab.exclstr
 *(.stab.exclstr)

.stab.index
 *(.stab.index)

.stab.indexstr
 *(.stab.indexstr)

.comment        0x00000000       0x30
 *(.comment)
 .comment       0x00000000       0x30 src/ASF/common/components/display/st7565r/st7565r.o
                                 0x31 (size before relaxing)
 .comment       0x00000030       0x31 src/ASF/common/services/gfx_mono/gfx_mono_c12832_a1z.o
 .comment       0x00000030       0x31 src/ASF/xmega/drivers/usart/usart.o
 .comment       0x00000030       0x31 src/ASF/common/services/spi/xmega_usart_spi/usart_spi.o
 .comment       0x00000030       0x31 src/ASF/common/services/gfx_mono/gfx_mono_framebuffer.o
 .comment       0x00000030       0x31 src/ASF/common/services/clock/xmega/sysclk.o
 .comment       0x00000030       0x31 src/ASF/common/services/ioport/xmega/ioport_compat.o
 .comment       0x00000030       0x31 src/ASF/xmega/boards/xmega_a3bu_xplained/init.o
 .comment       0x00000030       0x31 src/FreeRTOS/list.o
 .comment       0x00000030       0x31 src/FreeRTOS/portable/GCC/ATXmega256A3BU/port.o
 .comment       0x00000030       0x31 src/FreeRTOS/portable/MemMang/heap_3.o
 .comment       0x00000030       0x31 src/FreeRTOS/queue.o
 .comment       0x00000030       0x31 src/FreeRTOS/tasks.o
 .comment       0x00000030       0x31 src/FreeRTOS/timers.o
 .comment       0x00000030       0x31 src/main.o
 .comment       0x00000030       0x31 c:/program files (x86)/atmel/studio/7.0/toolchain/avr8/avr8-gnu-toolchain/bin/../lib/gcc/avr/5.4.0/../../../../avr/lib/avrxmega6\libc.a(malloc.o)

.note.gnu.avr.deviceinfo
                0x00000000       0x44
 .note.gnu.avr.deviceinfo
                0x00000000       0x44 c:/program files (x86)/atmel/studio/7.0/toolchain/avr8/avr8-gnu-toolchain/bin/../lib/gcc/avr/5.4.0/../../../../avr/lib/avrxmega6/crtatxmega256a3bu.o

.note.gnu.build-id
 *(.note.gnu.build-id)

.debug
 *(.debug)

.line
 *(.line)

.debug_srcinfo
 *(.debug_srcinfo)

.debug_sfnames
 *(.debug_sfnames)

.debug_aranges  0x00000000      0x540
 *(.debug_aranges)
 .debug_aranges
                0x00000000       0x28 src/ASF/common/components/display/st7565r/st7565r.o
 .debug_aranges
                0x00000028       0x60 src/ASF/common/services/gfx_mono/gfx_mono_c12832_a1z.o
 .debug_aranges
                0x00000088       0x58 src/ASF/xmega/drivers/usart/usart.o
 .debug_aranges
                0x000000e0       0x48 src/ASF/common/services/spi/xmega_usart_spi/usart_spi.o
 .debug_aranges
                0x00000128       0x58 src/ASF/common/services/gfx_mono/gfx_mono_framebuffer.o
 .debug_aranges
                0x00000180       0x40 src/ASF/common/services/clock/xmega/sysclk.o
 .debug_aranges
                0x000001c0       0x20 src/ASF/xmega/drivers/cpu/ccp.o
 .debug_aranges
                0x000001e0       0x20 src/ASF/common/services/ioport/xmega/ioport_compat.o
 .debug_aranges
                0x00000200       0x20 src/ASF/xmega/boards/xmega_a3bu_xplained/init.o
 .debug_aranges
                0x00000220       0x40 src/FreeRTOS/list.o
 .debug_aranges
                0x00000260       0x38 src/FreeRTOS/portable/GCC/ATXmega256A3BU/port.o
 .debug_aranges
                0x00000298       0x28 src/FreeRTOS/portable/MemMang/heap_3.o
 .debug_aranges
                0x000002c0       0xa8 src/FreeRTOS/queue.o
 .debug_aranges
                0x00000368      0x108 src/FreeRTOS/tasks.o
 .debug_aranges
                0x00000470       0x70 src/FreeRTOS/timers.o
 .debug_aranges
                0x000004e0       0x60 src/main.o

.debug_pubnames
 *(.debug_pubnames)

.debug_info     0x00000000    0x10baf
 *(.debug_info .gnu.linkonce.wi.*)
 .debug_info    0x00000000     0x3379 c:/program files (x86)/atmel/studio/7.0/toolchain/avr8/avr8-gnu-toolchain/bin/../lib/gcc/avr/5.4.0/../../../../avr/lib/avrxmega6/crtatxmega256a3bu.o
 .debug_info    0x00003379     0x1944 src/ASF/common/components/display/st7565r/st7565r.o
 .debug_info    0x00004cbd     0x1de2 src/ASF/common/services/gfx_mono/gfx_mono_c12832_a1z.o
 .debug_info    0x00006a9f     0x2d07 src/ASF/xmega/drivers/usart/usart.o
 .debug_info    0x000097a6      0xb7e src/ASF/common/services/spi/xmega_usart_spi/usart_spi.o
 .debug_info    0x0000a324      0x487 src/ASF/common/services/gfx_mono/gfx_mono_framebuffer.o
 .debug_info    0x0000a7ab      0x83d src/ASF/common/services/clock/xmega/sysclk.o
 .debug_info    0x0000afe8       0x84 src/ASF/xmega/drivers/cpu/ccp.o
 .debug_info    0x0000b06c      0x121 src/ASF/common/services/ioport/xmega/ioport_compat.o
 .debug_info    0x0000b18d      0xaeb src/ASF/xmega/boards/xmega_a3bu_xplained/init.o
 .debug_info    0x0000bc78      0x2d1 src/FreeRTOS/list.o
 .debug_info    0x0000bf49      0x9f6 src/FreeRTOS/portable/GCC/ATXmega256A3BU/port.o
 .debug_info    0x0000c93f      0x175 src/FreeRTOS/portable/MemMang/heap_3.o
 .debug_info    0x0000cab4      0xf92 src/FreeRTOS/queue.o
 .debug_info    0x0000da46     0x1672 src/FreeRTOS/tasks.o
 .debug_info    0x0000f0b8      0xe70 src/FreeRTOS/timers.o
 .debug_info    0x0000ff28      0xc87 src/main.o

.debug_abbrev   0x00000000     0x52a7
 *(.debug_abbrev)
 .debug_abbrev  0x00000000     0x30c4 c:/program files (x86)/atmel/studio/7.0/toolchain/avr8/avr8-gnu-toolchain/bin/../lib/gcc/avr/5.4.0/../../../../avr/lib/avrxmega6/crtatxmega256a3bu.o
 .debug_abbrev  0x000030c4      0x2a0 src/ASF/common/components/display/st7565r/st7565r.o
 .debug_abbrev  0x00003364      0x385 src/ASF/common/services/gfx_mono/gfx_mono_c12832_a1z.o
 .debug_abbrev  0x000036e9      0x3ce src/ASF/xmega/drivers/usart/usart.o
 .debug_abbrev  0x00003ab7      0x2d8 src/ASF/common/services/spi/xmega_usart_spi/usart_spi.o
 .debug_abbrev  0x00003d8f      0x174 src/ASF/common/services/gfx_mono/gfx_mono_framebuffer.o
 .debug_abbrev  0x00003f03      0x267 src/ASF/common/services/clock/xmega/sysclk.o
 .debug_abbrev  0x0000416a       0x14 src/ASF/xmega/drivers/cpu/ccp.o
 .debug_abbrev  0x0000417e       0x95 src/ASF/common/services/ioport/xmega/ioport_compat.o
 .debug_abbrev  0x00004213      0x14a src/ASF/xmega/boards/xmega_a3bu_xplained/init.o
 .debug_abbrev  0x0000435d       0xfb src/FreeRTOS/list.o
 .debug_abbrev  0x00004458      0x1d1 src/FreeRTOS/portable/GCC/ATXmega256A3BU/port.o
 .debug_abbrev  0x00004629       0xdc src/FreeRTOS/portable/MemMang/heap_3.o
 .debug_abbrev  0x00004705      0x252 src/FreeRTOS/queue.o
 .debug_abbrev  0x00004957      0x2ff src/FreeRTOS/tasks.o
 .debug_abbrev  0x00004c56      0x2e8 src/FreeRTOS/timers.o
 .debug_abbrev  0x00004f3e      0x369 src/main.o

.debug_line     0x00000000     0x7991
 *(.debug_line .debug_line.* .debug_line_end)
 .debug_line    0x00000000       0x1a c:/program files (x86)/atmel/studio/7.0/toolchain/avr8/avr8-gnu-toolchain/bin/../lib/gcc/avr/5.4.0/../../../../avr/lib/avrxmega6/crtatxmega256a3bu.o
 .debug_line    0x0000001a      0xa6f src/ASF/common/components/display/st7565r/st7565r.o
 .debug_line    0x00000a89      0xd55 src/ASF/common/services/gfx_mono/gfx_mono_c12832_a1z.o
 .debug_line    0x000017de      0xc41 src/ASF/xmega/drivers/usart/usart.o
 .debug_line    0x0000241f      0x784 src/ASF/common/services/spi/xmega_usart_spi/usart_spi.o
 .debug_line    0x00002ba3      0x8c6 src/ASF/common/services/gfx_mono/gfx_mono_framebuffer.o
 .debug_line    0x00003469      0x61c src/ASF/common/services/clock/xmega/sysclk.o
 .debug_line    0x00003a85       0x6e src/ASF/xmega/drivers/cpu/ccp.o
 .debug_line    0x00003af3      0x462 src/ASF/common/services/ioport/xmega/ioport_compat.o
 .debug_line    0x00003f55      0x48d src/ASF/xmega/boards/xmega_a3bu_xplained/init.o
 .debug_line    0x000043e2      0x3f0 src/FreeRTOS/list.o
 .debug_line    0x000047d2      0x47a src/FreeRTOS/portable/GCC/ATXmega256A3BU/port.o
 .debug_line    0x00004c4c      0x33e src/FreeRTOS/portable/MemMang/heap_3.o
 .debug_line    0x00004f8a      0x9af src/FreeRTOS/queue.o
 .debug_line    0x00005939      0xdd2 src/FreeRTOS/tasks.o
 .debug_line    0x0000670b      0x68e src/FreeRTOS/timers.o
 .debug_line    0x00006d99      0xbf8 src/main.o

.debug_frame    0x00000000      0xf2c
 *(.debug_frame)
 .debug_frame   0x00000000       0x68 src/ASF/common/components/display/st7565r/st7565r.o
 .debug_frame   0x00000068      0x1b4 src/ASF/common/services/gfx_mono/gfx_mono_c12832_a1z.o
 .debug_frame   0x0000021c      0x140 src/ASF/xmega/drivers/usart/usart.o
 .debug_frame   0x0000035c       0x90 src/ASF/common/services/spi/xmega_usart_spi/usart_spi.o
 .debug_frame   0x000003ec       0xd0 src/ASF/common/services/gfx_mono/gfx_mono_framebuffer.o
 .debug_frame   0x000004bc       0x64 src/ASF/common/services/clock/xmega/sysclk.o
 .debug_frame   0x00000520       0x30 src/ASF/common/services/ioport/xmega/ioport_compat.o
 .debug_frame   0x00000550       0x24 src/ASF/xmega/boards/xmega_a3bu_xplained/init.o
 .debug_frame   0x00000574       0x88 src/FreeRTOS/list.o
 .debug_frame   0x000005fc       0x60 src/FreeRTOS/portable/GCC/ATXmega256A3BU/port.o
 .debug_frame   0x0000065c       0x4c src/FreeRTOS/portable/MemMang/heap_3.o
 .debug_frame   0x000006a8      0x23c src/FreeRTOS/queue.o
 .debug_frame   0x000008e4      0x3d8 src/FreeRTOS/tasks.o
 .debug_frame   0x00000cbc      0x180 src/FreeRTOS/timers.o
 .debug_frame   0x00000e3c       0xf0 src/main.o

.debug_str      0x00000000    0x35a44
 *(.debug_str)
 .debug_str     0x00000000     0x21e4 c:/program files (x86)/atmel/studio/7.0/toolchain/avr8/avr8-gnu-toolchain/bin/../lib/gcc/avr/5.4.0/../../../../avr/lib/avrxmega6/crtatxmega256a3bu.o
 .debug_str     0x000021e4    0x290bb src/ASF/common/components/display/st7565r/st7565r.o
                              0x29932 (size before relaxing)
 .debug_str     0x0002b29f      0xc0b src/ASF/common/services/gfx_mono/gfx_mono_c12832_a1z.o
                              0x2a233 (size before relaxing)
 .debug_str     0x0002beaa      0xce4 src/ASF/xmega/drivers/usart/usart.o
                              0x29abd (size before relaxing)
 .debug_str     0x0002cb8e       0x87 src/ASF/common/services/spi/xmega_usart_spi/usart_spi.o
                              0x28f7e (size before relaxing)
 .debug_str     0x0002cc15       0xba src/ASF/common/services/gfx_mono/gfx_mono_framebuffer.o
                              0x29e4e (size before relaxing)
 .debug_str     0x0002cccf      0x2f9 src/ASF/common/services/clock/xmega/sysclk.o
                              0x28788 (size before relaxing)
 .debug_str     0x0002cfc8       0x77 src/ASF/common/services/ioport/xmega/ioport_compat.o
                              0x2663b (size before relaxing)
 .debug_str     0x0002d03f       0xf7 src/ASF/xmega/boards/xmega_a3bu_xplained/init.o
                              0x280b5 (size before relaxing)
 .debug_str     0x0002d136     0x2cfc src/FreeRTOS/list.o
                              0x1ba51 (size before relaxing)
 .debug_str     0x0002fe32     0x16bc src/FreeRTOS/portable/GCC/ATXmega256A3BU/port.o
                              0x1d4fd (size before relaxing)
 .debug_str     0x000314ee       0xca src/FreeRTOS/portable/MemMang/heap_3.o
                              0x1c126 (size before relaxing)
 .debug_str     0x000315b8     0x11d9 src/FreeRTOS/queue.o
                              0x1d3f9 (size before relaxing)
 .debug_str     0x00032791     0x13b5 src/FreeRTOS/tasks.o
                              0x1d914 (size before relaxing)
 .debug_str     0x00033b46      0x396 src/FreeRTOS/timers.o
                              0x1d8af (size before relaxing)
 .debug_str     0x00033edc     0x1b68 src/main.o
                              0x2f97c (size before relaxing)

.debug_loc      0x00000000     0x7a47
 *(.debug_loc)
 .debug_loc     0x00000000      0x7d7 src/ASF/common/components/display/st7565r/st7565r.o
 .debug_loc     0x000007d7     0x1382 src/ASF/common/services/gfx_mono/gfx_mono_c12832_a1z.o
 .debug_loc     0x00001b59      0xec9 src/ASF/xmega/drivers/usart/usart.o
 .debug_loc     0x00002a22      0x56c src/ASF/common/services/spi/xmega_usart_spi/usart_spi.o
 .debug_loc     0x00002f8e      0x61c src/ASF/common/services/gfx_mono/gfx_mono_framebuffer.o
 .debug_loc     0x000035aa      0x240 src/ASF/common/services/clock/xmega/sysclk.o
 .debug_loc     0x000037ea       0x66 src/ASF/common/services/ioport/xmega/ioport_compat.o
 .debug_loc     0x00003850      0x3fa src/ASF/xmega/boards/xmega_a3bu_xplained/init.o
 .debug_loc     0x00003c4a      0x145 src/FreeRTOS/list.o
 .debug_loc     0x00003d8f      0x2b0 src/FreeRTOS/portable/GCC/ATXmega256A3BU/port.o
 .debug_loc     0x0000403f      0x102 src/FreeRTOS/portable/MemMang/heap_3.o
 .debug_loc     0x00004141     0x1159 src/FreeRTOS/queue.o
 .debug_loc     0x0000529a     0x1932 src/FreeRTOS/tasks.o
 .debug_loc     0x00006bcc      0xb8b src/FreeRTOS/timers.o
 .debug_loc     0x00007757      0x2f0 src/main.o

.debug_macinfo
 *(.debug_macinfo)

.debug_weaknames
 *(.debug_weaknames)

.debug_funcnames
 *(.debug_funcnames)

.debug_typenames
 *(.debug_typenames)

.debug_varnames
 *(.debug_varnames)

.debug_pubtypes
 *(.debug_pubtypes)

.debug_ranges   0x00000000      0x6b0
 *(.debug_ranges)
 .debug_ranges  0x00000000       0x18 src/ASF/common/components/display/st7565r/st7565r.o
 .debug_ranges  0x00000018      0x188 src/ASF/common/services/gfx_mono/gfx_mono_c12832_a1z.o
 .debug_ranges  0x000001a0       0x80 src/ASF/xmega/drivers/usart/usart.o
 .debug_ranges  0x00000220       0x98 src/ASF/common/services/spi/xmega_usart_spi/usart_spi.o
 .debug_ranges  0x000002b8       0x48 src/ASF/common/services/gfx_mono/gfx_mono_framebuffer.o
 .debug_ranges  0x00000300       0x30 src/ASF/common/services/clock/xmega/sysclk.o
 .debug_ranges  0x00000330       0x10 src/ASF/common/services/ioport/xmega/ioport_compat.o
 .debug_ranges  0x00000340       0x10 src/ASF/xmega/boards/xmega_a3bu_xplained/init.o
 .debug_ranges  0x00000350       0x30 src/FreeRTOS/list.o
 .debug_ranges  0x00000380       0x28 src/FreeRTOS/portable/GCC/ATXmega256A3BU/port.o
 .debug_ranges  0x000003a8       0x18 src/FreeRTOS/portable/MemMang/heap_3.o
 .debug_ranges  0x000003c0       0x98 src/FreeRTOS/queue.o
 .debug_ranges  0x00000458      0x158 src/FreeRTOS/tasks.o
 .debug_ranges  0x000005b0       0xb0 src/FreeRTOS/timers.o
 .debug_ranges  0x00000660       0x50 src/main.o

.debug_macro    0x00000000     0xb76f
 *(.debug_macro)
 .debug_macro   0x00000000      0x276 src/ASF/common/components/display/st7565r/st7565r.o
 .debug_macro   0x00000276      0xa90 src/ASF/common/components/display/st7565r/st7565r.o
 .debug_macro   0x00000d06       0x10 src/ASF/common/components/display/st7565r/st7565r.o
 .debug_macro   0x00000d16      0x1c9 src/ASF/common/components/display/st7565r/st7565r.o
 .debug_macro   0x00000edf      0x2fc src/ASF/common/components/display/st7565r/st7565r.o
 .debug_macro   0x000011db       0x9e src/ASF/common/components/display/st7565r/st7565r.o
 .debug_macro   0x00001279     0x5e34 src/ASF/common/components/display/st7565r/st7565r.o
 .debug_macro   0x000070ad       0x9a src/ASF/common/components/display/st7565r/st7565r.o
 .debug_macro   0x00007147       0xf1 src/ASF/common/components/display/st7565r/st7565r.o
 .debug_macro   0x00007238       0x34 src/ASF/common/components/display/st7565r/st7565r.o
 .debug_macro   0x0000726c       0x16 src/ASF/common/components/display/st7565r/st7565r.o
 .debug_macro   0x00007282       0x18 src/ASF/common/components/display/st7565r/st7565r.o
 .debug_macro   0x0000729a       0x5e src/ASF/common/components/display/st7565r/st7565r.o
 .debug_macro   0x000072f8       0x10 src/ASF/common/components/display/st7565r/st7565r.o
 .debug_macro   0x00007308       0x22 src/ASF/common/components/display/st7565r/st7565r.o
 .debug_macro   0x0000732a      0x16d src/ASF/common/components/display/st7565r/st7565r.o
 .debug_macro   0x00007497       0x1c src/ASF/common/components/display/st7565r/st7565r.o
 .debug_macro   0x000074b3       0x35 src/ASF/common/components/display/st7565r/st7565r.o
 .debug_macro   0x000074e8       0x66 src/ASF/common/components/display/st7565r/st7565r.o
 .debug_macro   0x0000754e      0x4d1 src/ASF/common/components/display/st7565r/st7565r.o
 .debug_macro   0x00007a1f       0x97 src/ASF/common/components/display/st7565r/st7565r.o
 .debug_macro   0x00007ab6       0x17 src/ASF/common/components/display/st7565r/st7565r.o
 .debug_macro   0x00007acd      0x250 src/ASF/common/components/display/st7565r/st7565r.o
 .debug_macro   0x00007d1d       0x76 src/ASF/common/components/display/st7565r/st7565r.o
 .debug_macro   0x00007d93       0x16 src/ASF/common/components/display/st7565r/st7565r.o
 .debug_macro   0x00007da9      0x6e3 src/ASF/common/components/display/st7565r/st7565r.o
 .debug_macro   0x0000848c       0x10 src/ASF/common/components/display/st7565r/st7565r.o
 .debug_macro   0x0000849c      0x175 src/ASF/common/components/display/st7565r/st7565r.o
 .debug_macro   0x00008611       0x40 src/ASF/common/components/display/st7565r/st7565r.o
 .debug_macro   0x00008651       0x69 src/ASF/common/components/display/st7565r/st7565r.o
 .debug_macro   0x000086ba       0x32 src/ASF/common/components/display/st7565r/st7565r.o
 .debug_macro   0x000086ec       0xe4 src/ASF/common/components/display/st7565r/st7565r.o
 .debug_macro   0x000087d0       0x22 src/ASF/common/components/display/st7565r/st7565r.o
 .debug_macro   0x000087f2      0x248 src/ASF/common/components/display/st7565r/st7565r.o
 .debug_macro   0x00008a3a      0x303 src/ASF/common/components/display/st7565r/st7565r.o
 .debug_macro   0x00008d3d       0x7d src/ASF/common/components/display/st7565r/st7565r.o
 .debug_macro   0x00008dba       0x2f src/ASF/common/components/display/st7565r/st7565r.o
 .debug_macro   0x00008de9      0x154 src/ASF/common/components/display/st7565r/st7565r.o
 .debug_macro   0x00008f3d       0x82 src/ASF/common/components/display/st7565r/st7565r.o
 .debug_macro   0x00008fbf      0x109 src/ASF/common/components/display/st7565r/st7565r.o
 .debug_macro   0x000090c8       0x28 src/ASF/common/components/display/st7565r/st7565r.o
 .debug_macro   0x000090f0       0x23 src/ASF/common/components/display/st7565r/st7565r.o
 .debug_macro   0x00009113       0x3a src/ASF/common/components/display/st7565r/st7565r.o
 .debug_macro   0x0000914d      0x100 src/ASF/common/components/display/st7565r/st7565r.o
 .debug_macro   0x0000924d       0x34 src/ASF/common/components/display/st7565r/st7565r.o
 .debug_macro   0x00009281       0x2e src/ASF/common/components/display/st7565r/st7565r.o
 .debug_macro   0x000092af      0x2ba src/ASF/common/services/gfx_mono/gfx_mono_c12832_a1z.o
 .debug_macro   0x00009569       0x7a src/ASF/common/services/gfx_mono/gfx_mono_c12832_a1z.o
 .debug_macro   0x000095e3       0x89 src/ASF/common/services/gfx_mono/gfx_mono_c12832_a1z.o
 .debug_macro   0x0000966c      0x221 src/ASF/xmega/drivers/usart/usart.o
 .debug_macro   0x0000988d      0x302 src/ASF/xmega/drivers/usart/usart.o
 .debug_macro   0x00009b8f      0x234 src/ASF/common/services/spi/xmega_usart_spi/usart_spi.o
 .debug_macro   0x00009dc3      0x2ae src/ASF/common/services/gfx_mono/gfx_mono_framebuffer.o
 .debug_macro   0x0000a071      0x1db src/ASF/common/services/clock/xmega/sysclk.o
 .debug_macro   0x0000a24c       0x26 src/ASF/common/services/clock/xmega/sysclk.o
 .debug_macro   0x0000a272      0x193 src/ASF/common/services/ioport/xmega/ioport_compat.o
 .debug_macro   0x0000a405      0x1b5 src/ASF/xmega/boards/xmega_a3bu_xplained/init.o
 .debug_macro   0x0000a5ba       0x2e src/ASF/xmega/boards/xmega_a3bu_xplained/init.o
 .debug_macro   0x0000a5e8      0x242 src/ASF/xmega/boards/xmega_a3bu_xplained/init.o
 .debug_macro   0x0000a82a      0x107 src/FreeRTOS/list.o
 .debug_macro   0x0000a931      0x11a src/FreeRTOS/portable/GCC/ATXmega256A3BU/port.o
 .debug_macro   0x0000aa4b       0x8e src/FreeRTOS/portable/GCC/ATXmega256A3BU/port.o
 .debug_macro   0x0000aad9      0x122 src/FreeRTOS/portable/MemMang/heap_3.o
 .debug_macro   0x0000abfb      0x17a src/FreeRTOS/queue.o
 .debug_macro   0x0000ad75       0x20 src/FreeRTOS/queue.o
 .debug_macro   0x0000ad95       0xb0 src/FreeRTOS/queue.o
 .debug_macro   0x0000ae45      0x1bd src/FreeRTOS/tasks.o
 .debug_macro   0x0000b002       0x11 src/FreeRTOS/tasks.o
 .debug_macro   0x0000b013      0x144 src/FreeRTOS/timers.o
 .debug_macro   0x0000b157      0x428 src/main.o
 .debug_macro   0x0000b57f       0x34 src/main.o
 .debug_macro   0x0000b5b3       0x46 src/main.o
 .debug_macro   0x0000b5f9       0x1c src/main.o
 .debug_macro   0x0000b615       0x58 src/main.o
 .debug_macro   0x0000b66d       0x10 src/main.o
 .debug_macro   0x0000b67d       0xf2 src/main.o
OUTPUT(tesUSART.elf elf32-avr)
LOAD linker stubs

.BOOT           0x00040000        0x0
