Archive member included to satisfy reference by file (symbol)

c:/program files (x86)/atmel/studio/7.0/toolchain/avr8/avr8-gnu-toolchain/bin/../lib/gcc/avr/4.9.2/avrxmega6\libgcc.a(_udivmodsi4.o)
                              src/ASF/xmega/drivers/usart/usart.o (__udivmodsi4)
c:/program files (x86)/atmel/studio/7.0/toolchain/avr8/avr8-gnu-toolchain/bin/../lib/gcc/avr/4.9.2/avrxmega6\libgcc.a(_exit.o)
                              C:/Program Files (x86)/Atmel/Studio/7.0/Packs/atmel/XMEGAA_DFP/1.0.36/gcc/dev/atxmega256a3bu/avrxmega6/crtatxmega256a3bu.o (exit)
c:/program files (x86)/atmel/studio/7.0/toolchain/avr8/avr8-gnu-toolchain/bin/../lib/gcc/avr/4.9.2/avrxmega6\libgcc.a(_copy_data.o)
                              src/ASF/common/services/gfx_mono/sysfont.o (__do_copy_data)
c:/program files (x86)/atmel/studio/7.0/toolchain/avr8/avr8-gnu-toolchain/bin/../lib/gcc/avr/4.9.2/avrxmega6\libgcc.a(_clear_bss.o)
                              src/ASF/common/services/gfx_mono/gfx_mono_c12832_a1z.o (__do_clear_bss)
c:/program files (x86)/atmel/studio/7.0/toolchain/avr8/avr8-gnu-toolchain/bin/../lib/gcc/avr/4.9.2/../../../../avr/lib/avrxmega6\libc.a(memcpy.o)
                              src/ASF/xmega/drivers/nvm/nvm.o (memcpy)

Discarded input sections

 .data          0x00000000        0x0 C:/Program Files (x86)/Atmel/Studio/7.0/Packs/atmel/XMEGAA_DFP/1.0.36/gcc/dev/atxmega256a3bu/avrxmega6/crtatxmega256a3bu.o
 .bss           0x00000000        0x0 C:/Program Files (x86)/Atmel/Studio/7.0/Packs/atmel/XMEGAA_DFP/1.0.36/gcc/dev/atxmega256a3bu/avrxmega6/crtatxmega256a3bu.o
 .group         0x00000000        0x8 src/ASF/common/components/display/st7565r/st7565r.o
 .group         0x00000000        0x8 src/ASF/common/components/display/st7565r/st7565r.o
 .group         0x00000000        0x8 src/ASF/common/components/display/st7565r/st7565r.o
 .group         0x00000000        0x8 src/ASF/common/components/display/st7565r/st7565r.o
 .group         0x00000000        0x8 src/ASF/common/components/display/st7565r/st7565r.o
 .group         0x00000000        0x8 src/ASF/common/components/display/st7565r/st7565r.o
 .group         0x00000000        0x8 src/ASF/common/components/display/st7565r/st7565r.o
 .group         0x00000000        0x8 src/ASF/common/components/display/st7565r/st7565r.o
 .group         0x00000000        0x8 src/ASF/common/components/display/st7565r/st7565r.o
 .group         0x00000000        0x8 src/ASF/common/components/display/st7565r/st7565r.o
 .group         0x00000000        0x8 src/ASF/common/components/display/st7565r/st7565r.o
 .group         0x00000000        0x8 src/ASF/common/components/display/st7565r/st7565r.o
 .group         0x00000000        0x8 src/ASF/common/components/display/st7565r/st7565r.o
 .group         0x00000000        0x8 src/ASF/common/components/display/st7565r/st7565r.o
 .group         0x00000000        0x8 src/ASF/common/components/display/st7565r/st7565r.o
 .group         0x00000000        0x8 src/ASF/common/components/display/st7565r/st7565r.o
 .group         0x00000000        0x8 src/ASF/common/components/display/st7565r/st7565r.o
 .group         0x00000000        0x8 src/ASF/common/components/display/st7565r/st7565r.o
 .group         0x00000000        0x8 src/ASF/common/components/display/st7565r/st7565r.o
 .group         0x00000000        0x8 src/ASF/common/components/display/st7565r/st7565r.o
 .group         0x00000000        0x8 src/ASF/common/components/display/st7565r/st7565r.o
 .group         0x00000000        0x8 src/ASF/common/components/display/st7565r/st7565r.o
 .group         0x00000000        0x8 src/ASF/common/components/display/st7565r/st7565r.o
 .group         0x00000000        0x8 src/ASF/common/components/display/st7565r/st7565r.o
 .group         0x00000000        0x8 src/ASF/common/components/display/st7565r/st7565r.o
 .group         0x00000000        0x8 src/ASF/common/components/display/st7565r/st7565r.o
 .group         0x00000000        0x8 src/ASF/common/components/display/st7565r/st7565r.o
 .group         0x00000000        0x8 src/ASF/common/components/display/st7565r/st7565r.o
 .group         0x00000000        0x8 src/ASF/common/components/display/st7565r/st7565r.o
 .group         0x00000000        0x8 src/ASF/common/components/display/st7565r/st7565r.o
 .group         0x00000000        0x8 src/ASF/common/components/display/st7565r/st7565r.o
 .group         0x00000000        0x8 src/ASF/common/components/display/st7565r/st7565r.o
 .group         0x00000000        0x8 src/ASF/common/components/display/st7565r/st7565r.o
 .group         0x00000000        0x8 src/ASF/common/components/display/st7565r/st7565r.o
 .group         0x00000000        0x8 src/ASF/common/components/display/st7565r/st7565r.o
 .group         0x00000000        0x8 src/ASF/common/components/display/st7565r/st7565r.o
 .group         0x00000000        0x8 src/ASF/common/components/display/st7565r/st7565r.o
[...]
Memory Configuration

Name             Origin             Length             Attributes
text             0x00000000         0x00100000         xr
data             0x00802000         0x0000ffa0         rw !x
eeprom           0x00810000         0x00010000         rw !x
fuse             0x00820000         0x00000400         rw !x
lock             0x00830000         0x00000400         rw !x
signature        0x00840000         0x00000400         rw !x
user_signatures  0x00850000         0x00000400         rw !x
*default*        0x00000000         0xffffffff

Linker script and memory map

LOAD C:/Program Files (x86)/Atmel/Studio/7.0/Packs/atmel/XMEGAA_DFP/1.0.36/gcc/dev/atxmega256a3bu/avrxmega6/crtatxmega256a3bu.o
LOAD src/ASF/common/components/display/st7565r/st7565r.o
LOAD src/ASF/common/services/gfx_mono/gfx_mono_c12832_a1z.o
LOAD src/ASF/common/services/serial/usart_serial.o
LOAD src/ASF/xmega/drivers/usart/usart.o
LOAD src/ASF/common/services/spi/xmega_usart_spi/usart_spi.o
LOAD src/ASF/common/services/spi/xmega_spi/spi_master.o
LOAD src/ASF/common/services/gfx_mono/gfx_mono_framebuffer.o
LOAD src/ASF/common/services/gfx_mono/gfx_mono_generic.o
LOAD src/ASF/common/services/clock/xmega/sysclk.o
LOAD src/ASF/common/services/gfx_mono/gfx_mono_text.o
LOAD src/ASF/xmega/drivers/nvm/nvm.o
LOAD src/ASF/xmega/drivers/spi/spi.o
LOAD src/ASF/xmega/drivers/nvm/nvm_asm.o
LOAD src/ASF/xmega/drivers/cpu/ccp.o
LOAD src/ASF/common/services/gfx_mono/sysfont.o
LOAD src/ASF/common/services/ioport/xmega/ioport_compat.o
LOAD src/ASF/xmega/boards/xmega_a3bu_xplained/init.o
LOAD src/main.o
START GROUP
LOAD c:/program files (x86)/atmel/studio/7.0/toolchain/avr8/avr8-gnu-toolchain/bin/../lib/gcc/avr/4.9.2/../../../../avr/lib/avrxmega6\libm.a
END GROUP
Address of section .BOOT set to 0x40000
START GROUP
LOAD c:/program files (x86)/atmel/studio/7.0/toolchain/avr8/avr8-gnu-toolchain/bin/../lib/gcc/avr/4.9.2/avrxmega6\libgcc.a
LOAD c:/program files (x86)/atmel/studio/7.0/toolchain/avr8/avr8-gnu-toolchain/bin/../lib/gcc/avr/4.9.2/../../../../avr/lib/avrxmega6\libm.a
LOAD c:/program files (x86)/atmel/studio/7.0/toolchain/avr8/avr8-gnu-toolchain/bin/../lib/gcc/avr/4.9.2/../../../../avr/lib/avrxmega6\libc.a
LOAD C:/Program Files (x86)/Atmel/Studio/7.0/Packs/atmel/XMEGAA_DFP/1.0.36/gcc/dev/atxmega256a3bu/avrxmega6\libatxmega256a3bu.a
END GROUP

.hash
 *(.hash)

.dynsym
 *(.dynsym)

.dynstr
 *(.dynstr)

.gnu.version
 *(.gnu.version)

.gnu.version_d
 *(.gnu.version_d)

.gnu.version_r
 *(.gnu.version_r)

.rel.init
 *(.rel.init)

.rela.init
 *(.rela.init)

.rel.text
 *(.rel.text)
 *(.rel.text.*)
 *(.rel.gnu.linkonce.t*)

.rela.text
 *(.rela.text)
 *(.rela.text.*)
 *(.rela.gnu.linkonce.t*)

.rel.fini
 *(.rel.fini)

.rela.fini
 *(.rela.fini)

.rel.rodata
 *(.rel.rodata)
 *(.rel.rodata.*)
 *(.rel.gnu.linkonce.r*)

.rela.rodata
 *(.rela.rodata)
 *(.rela.rodata.*)
 *(.rela.gnu.linkonce.r*)

.rel.data
 *(.rel.data)
 *(.rel.data.*)
 *(.rel.gnu.linkonce.d*)

.rela.data
 *(.rela.data)
 *(.rela.data.*)
 *(.rela.gnu.linkonce.d*)

.rel.ctors
 *(.rel.ctors)

.rela.ctors
 *(.rela.ctors)

.rel.dtors
 *(.rel.dtors)

.rela.dtors
 *(.rela.dtors)

.rel.got
 *(.rel.got)

.rela.got
 *(.rela.got)

.rel.bss
 *(.rel.bss)

.rela.bss
 *(.rela.bss)

.rel.plt
 *(.rel.plt)

.rela.plt
 *(.rela.plt)

.text           0x00000000     0x1954
 *(.vectors)
 .vectors       0x00000000      0x1fc C:/Program Files (x86)/Atmel/Studio/7.0/Packs/atmel/XMEGAA_DFP/1.0.36/gcc/dev/atxmega256a3bu/avrxmega6/crtatxmega256a3bu.o
                0x00000000                __vector_default
                0x00000000                __vectors
 *(.vectors)
 *(.progmem.gcc*)
                0x000001fc                . = ALIGN (0x2)
                0x000001fc                __trampolines_start = .
 *(.trampolines)
 .trampolines   0x000001fc        0x0 linker stubs
 *(.trampolines*)
                0x000001fc                __trampolines_end = .
 *(.progmem*)
 .progmem.data.sysfont_glyphs
                0x000001fc      0x292 src/ASF/common/services/gfx_mono/sysfont.o
                0x0000048e                . = ALIGN (0x2)
 *(.jumptables)
 *(.jumptables*)
 *(.lowtext)
 *(.lowtext*)
                0x0000048e                __ctors_start = .
 *(.ctors)
                0x0000048e                __ctors_end = .
                0x0000048e                __dtors_start = .
 *(.dtors)
                0x0000048e                __dtors_end = .
 SORT(*)(.ctors)
 SORT(*)(.dtors)
 *(.init0)
 .init0         0x0000048e        0x0 C:/Program Files (x86)/Atmel/Studio/7.0/Packs/atmel/XMEGAA_DFP/1.0.36/gcc/dev/atxmega256a3bu/avrxmega6/crtatxmega256a3bu.o
                0x0000048e                __init
 *(.init0)
 *(.init1)
 *(.init1)
 *(.init2)
 .init2         0x0000048e       0x10 C:/Program Files (x86)/Atmel/Studio/7.0/Packs/atmel/XMEGAA_DFP/1.0.36/gcc/dev/atxmega256a3bu/avrxmega6/crtatxmega256a3bu.o
 *(.init2)
 *(.init3)
 *(.init3)
 *(.init4)
 .init4         0x0000049e       0x1a c:/program files (x86)/atmel/studio/7.0/toolchain/avr8/avr8-gnu-toolchain/bin/../lib/gcc/avr/4.9.2/avrxmega6\libgcc.a(_copy_data.o)
                0x0000049e                __do_copy_data
 .init4         0x000004b8       0x10 c:/program files (x86)/atmel/studio/7.0/toolchain/avr8/avr8-gnu-toolchain/bin/../lib/gcc/avr/4.9.2/avrxmega6\libgcc.a(_clear_bss.o)
                0x000004b8                __do_clear_bss
 *(.init4)
 *(.init5)
 *(.init5)
 *(.init6)
 *(.init6)
 *(.init7)
 *(.init7)
 *(.init8)
 *(.init8)
 *(.init9)
 .init9         0x000004c8        0x8 C:/Program Files (x86)/Atmel/Studio/7.0/Packs/atmel/XMEGAA_DFP/1.0.36/gcc/dev/atxmega256a3bu/avrxmega6/crtatxmega256a3bu.o
 *(.init9)
 *(.text)
 .text          0x000004d0        0x2 C:/Program Files (x86)/Atmel/Studio/7.0/Packs/atmel/XMEGAA_DFP/1.0.36/gcc/dev/atxmega256a3bu/avrxmega6/crtatxmega256a3bu.o
                0x000004d0                __vector_38
                0x000004d0                __vector_104
                0x000004d0                __vector_22
                0x000004d0                __vector_63
                0x000004d0                __vector_28
                0x000004d0                __vector_67
                0x000004d0                __vector_1
                0x000004d0                __vector_119
                0x000004d0                __vector_32
                0x000004d0                __vector_75
                0x000004d0                __vector_71
                0x000004d0                __vector_91
                0x000004d0                __vector_34
                0x000004d0                __vector_62
                0x000004d0                __vector_77
                0x000004d0                __vector_102
                0x000004d0                __vector_24
                0x000004d0                __vector_12
                0x000004d0                __vector_55
                0x000004d0                __vector_69
                0x000004d0                __vector_81
                0x000004d0                __vector_90
                0x000004d0                __vector_46
                0x000004d0                __bad_interrupt
                0x000004d0                __vector_122
                0x000004d0                __vector_72
                0x000004d0                __vector_114
                0x000004d0                __vector_6
                0x000004d0                __vector_110
                0x000004d0                __vector_31
                0x000004d0                __vector_92
                0x000004d0                __vector_35
                0x000004d0                __vector_78
                0x000004d0                __vector_74
                0x000004d0                __vector_117
                0x000004d0                __vector_39
                0x000004d0                __vector_107
                0x000004d0                __vector_3
                0x000004d0                __vector_105
                0x000004d0                __vector_98
                0x000004d0                __vector_23
                0x000004d0                __vector_68
                0x000004d0                __vector_30
                0x000004d0                __vector_73
                0x000004d0                __vector_45
                0x000004d0                __vector_25
                0x000004d0                __vector_93
                0x000004d0                __vector_61
                0x000004d0                __vector_11
                0x000004d0                __vector_54
                0x000004d0                __vector_99
                0x000004d0                __vector_13
                0x000004d0                __vector_17
                0x000004d0                __vector_19
                0x000004d0                __vector_56
                0x000004d0                __vector_7
                0x000004d0                __vector_125
                0x000004d0                __vector_49
                0x000004d0                __vector_123
                0x000004d0                __vector_41
                0x000004d0                __vector_86
                0x000004d0                __vector_100
                0x000004d0                __vector_101
                0x000004d0                __vector_64
                0x000004d0                __vector_88
                0x000004d0                __vector_109
                0x000004d0                __vector_43
                0x000004d0                __vector_27
                0x000004d0                __vector_5
                0x000004d0                __vector_113
                0x000004d0                __vector_33
                0x000004d0                __vector_76
                0x000004d0                __vector_115
                0x000004d0                __vector_47
                0x000004d0                __vector_52
                0x000004d0                __vector_37
                0x000004d0                __vector_95
                0x000004d0                __vector_103
                0x000004d0                __vector_96
                0x000004d0                __vector_89
                0x000004d0                __vector_108
                0x000004d0                __vector_4
                0x000004d0                __vector_44
                0x000004d0                __vector_82
                0x000004d0                __vector_106
                0x000004d0                __vector_118
                0x000004d0                __vector_51
                0x000004d0                __vector_9
                0x000004d0                __vector_2
                0x000004d0                __vector_21
                0x000004d0                __vector_15
                0x000004d0                __vector_66
                0x000004d0                __vector_36
                0x000004d0                __vector_79
                0x000004d0                __vector_58
                0x000004d0                __vector_70
                0x000004d0                __vector_83
                0x000004d0                __vector_29
                0x000004d0                __vector_60
                0x000004d0                __vector_121
                0x000004d0                __vector_40
                0x000004d0                __vector_85
                0x000004d0                __vector_94
                0x000004d0                __vector_126
                0x000004d0                __vector_8
                0x000004d0                __vector_26
                0x000004d0                __vector_48
                0x000004d0                __vector_124
                0x000004d0                __vector_116
                0x000004d0                __vector_112
                0x000004d0                __vector_111
                0x000004d0                __vector_80
                0x000004d0                __vector_14
                0x000004d0                __vector_84
                0x000004d0                __vector_57
                0x000004d0                __vector_53
                0x000004d0                __vector_10
                0x000004d0                __vector_50
                0x000004d0                __vector_16
                0x000004d0                __vector_59
                0x000004d0                __vector_18
                0x000004d0                __vector_97
                0x000004d0                __vector_20
                0x000004d0                __vector_42
                0x000004d0                __vector_87
                0x000004d0                __vector_65
                0x000004d0                __vector_120
                0x000004d2                . = ALIGN (0x2)
 *(.text.*)
 .text.st7565r_init
                0x000004d2      0x386 src/ASF/common/components/display/st7565r/st7565r.o
                0x000004d2                st7565r_init
 .text.gfx_mono_st7565r_put_byte
                0x00000858      0x14e src/ASF/common/services/gfx_mono/gfx_mono_c12832_a1z.o
                0x00000858                gfx_mono_st7565r_put_byte
 .text.gfx_mono_st7565r_init
                0x000009a6       0x84 src/ASF/common/services/gfx_mono/gfx_mono_c12832_a1z.o
                0x000009a6                gfx_mono_st7565r_init
 .text.gfx_mono_st7565r_draw_pixel
                0x00000a2a       0x7c src/ASF/common/services/gfx_mono/gfx_mono_c12832_a1z.o
                0x00000a2a                gfx_mono_st7565r_draw_pixel
 .text.gfx_mono_st7565r_get_byte
                0x00000aa6        0x4 src/ASF/common/services/gfx_mono/gfx_mono_c12832_a1z.o
                0x00000aa6                gfx_mono_st7565r_get_byte
 .text.usart_putchar
                0x00000aaa       0x10 src/ASF/xmega/drivers/usart/usart.o
                0x00000aaa                usart_putchar
 .text.usart_getchar
                0x00000aba        0xc src/ASF/xmega/drivers/usart/usart.o
                0x00000aba                usart_getchar
 .text.usart_set_baudrate
                0x00000ac6      0x22a src/ASF/xmega/drivers/usart/usart.o
                0x00000ac6                usart_set_baudrate
 .text.usart_init_rs232
                0x00000cf0      0x222 src/ASF/xmega/drivers/usart/usart.o
                0x00000cf0                usart_init_rs232
 .text.usart_spi_set_baudrate
                0x00000f12       0x62 src/ASF/xmega/drivers/usart/usart.o
                0x00000f12                usart_spi_set_baudrate
 .text.usart_init_spi
                0x00000f74      0x33a src/ASF/xmega/drivers/usart/usart.o
                0x00000f74                usart_init_spi
 .text.usart_spi_init
                0x000012ae       0x5e src/ASF/common/services/spi/xmega_usart_spi/usart_spi.o
                0x000012ae                usart_spi_init
 .text.usart_spi_setup_device
                0x0000130c       0x34 src/ASF/common/services/spi/xmega_usart_spi/usart_spi.o
                0x0000130c                usart_spi_setup_device
 .text.usart_spi_select_device
                0x00001340       0x2c src/ASF/common/services/spi/xmega_usart_spi/usart_spi.o
                0x00001340                usart_spi_select_device
 .text.usart_spi_deselect_device
                0x0000136c       0x2c src/ASF/common/services/spi/xmega_usart_spi/usart_spi.o
                0x0000136c                usart_spi_deselect_device
 .text.gfx_mono_set_framebuffer
                0x00001398        0xa src/ASF/common/services/gfx_mono/gfx_mono_framebuffer.o
                0x00001398                gfx_mono_set_framebuffer
 .text.gfx_mono_framebuffer_put_byte
                0x000013a2       0x1c src/ASF/common/services/gfx_mono/gfx_mono_framebuffer.o
                0x000013a2                gfx_mono_framebuffer_put_byte
 .text.gfx_mono_framebuffer_get_byte
                0x000013be       0x1c src/ASF/common/services/gfx_mono/gfx_mono_framebuffer.o
                0x000013be                gfx_mono_framebuffer_get_byte
 .text.gfx_mono_generic_draw_horizontal_line
                0x000013da       0xd6 src/ASF/common/services/gfx_mono/gfx_mono_generic.o
                0x000013da                gfx_mono_generic_draw_horizontal_line
 .text.gfx_mono_generic_draw_filled_rect
                0x000014b0       0x34 src/ASF/common/services/gfx_mono/gfx_mono_generic.o
                0x000014b0                gfx_mono_generic_draw_filled_rect
 .text.sysclk_init
                0x000014e4       0x4e src/ASF/common/services/clock/xmega/sysclk.o
                0x000014e4                sysclk_init
 .text.sysclk_enable_module
                0x00001532       0x18 src/ASF/common/services/clock/xmega/sysclk.o
                0x00001532                sysclk_enable_module
 .text.gfx_mono_draw_char
                0x0000154a       0xba src/ASF/common/services/gfx_mono/gfx_mono_text.o
                0x0000154a                gfx_mono_draw_char
 .text.gfx_mono_draw_string
                0x00001604       0x52 src/ASF/common/services/gfx_mono/gfx_mono_text.o
                0x00001604                gfx_mono_draw_string
 .text.ccp_write_io
                0x00001656        0xc src/ASF/xmega/drivers/cpu/ccp.o
                0x00001656                ccp_write_io
 .text.ioport_configure_port_pin
                0x00001662       0x50 src/ASF/common/services/ioport/xmega/ioport_compat.o
                0x00001662                ioport_configure_port_pin
 .text.board_init
                0x000016b2      0x13a src/ASF/xmega/boards/xmega_a3bu_xplained/init.o
                0x000016b2                board_init
 .text.setUpSerial
                0x000017ec       0x1c src/main.o
                0x000017ec                setUpSerial
 .text.sendString
                0x00001808       0x22 src/main.o
                0x00001808                sendString
 .text.receiveString
                0x0000182a       0x1c src/main.o
                0x0000182a                receiveString
 .text.main     0x00001846       0xc6 src/main.o
                0x00001846                main
 .text.libgcc.div
                0x0000190c       0x44 c:/program files (x86)/atmel/studio/7.0/toolchain/avr8/avr8-gnu-toolchain/bin/../lib/gcc/avr/4.9.2/avrxmega6\libgcc.a(_udivmodsi4.o)
                0x0000190c                __udivmodsi4
                0x00001950                . = ALIGN (0x2)
 *(.fini9)
 .fini9         0x00001950        0x0 c:/program files (x86)/atmel/studio/7.0/toolchain/avr8/avr8-gnu-toolchain/bin/../lib/gcc/avr/4.9.2/avrxmega6\libgcc.a(_exit.o)
                0x00001950                _exit
                0x00001950                exit
 *(.fini9)
 *(.fini8)
 *(.fini8)
 *(.fini7)
 *(.fini7)
 *(.fini6)
 *(.fini6)
 *(.fini5)
 *(.fini5)
 *(.fini4)
 *(.fini4)
 *(.fini3)
 *(.fini3)
 *(.fini2)
 *(.fini2)
 *(.fini1)
 *(.fini1)
 *(.fini0)
 .fini0         0x00001950        0x4 c:/program files (x86)/atmel/studio/7.0/toolchain/avr8/avr8-gnu-toolchain/bin/../lib/gcc/avr/4.9.2/avrxmega6\libgcc.a(_exit.o)
 *(.fini0)
                0x00001954                _etext = .

.data           0x00802000       0x24 load address 0x00001954
                0x00802000                PROVIDE (__data_start, .)
 *(.data)
 *(.data*)
 .data.sysfont  0x00802000        0x7 src/ASF/common/services/gfx_mono/sysfont.o
                0x00802000                sysfont
 .data.USART_SERIAL_OPTIONS.5553
                0x00802007        0x7 src/main.o
 *(.rodata)
 *(.rodata*)
 .rodata.str1.1
                0x0080200e       0x16 src/main.o
 *(.gnu.linkonce.d*)
                0x00802024                . = ALIGN (0x2)
                0x00802024                _edata = .
                0x00802024                PROVIDE (__data_end, .)

.bss            0x00802024      0x266
                0x00802024                PROVIDE (__bss_start, .)
 *(.bss)
 *(.bss*)
 .bss.framebuffer
                0x00802024      0x200 src/ASF/common/services/gfx_mono/gfx_mono_c12832_a1z.o
 .bss.fbpointer
                0x00802224        0x2 src/ASF/common/services/gfx_mono/gfx_mono_framebuffer.o
 .bss.reads     0x00802226       0x64 src/main.o
 *(COMMON)
                0x0080228a                PROVIDE (__bss_end, .)
                0x00001954                __data_load_start = LOADADDR (.data)
                0x00001978                __data_load_end = (__data_load_start + SIZEOF (.data))

.noinit         0x0080228a        0x0
                0x0080228a                PROVIDE (__noinit_start, .)
 *(.noinit*)
                0x0080228a                PROVIDE (__noinit_end, .)
                0x0080228a                _end = .
                0x0080228a                PROVIDE (__heap_start, .)

.eeprom         0x00810000        0x0
 *(.eeprom*)
                0x00810000                __eeprom_end = .

.fuse
 *(.fuse)
 *(.lfuse)
 *(.hfuse)
 *(.efuse)

.lock
 *(.lock*)

.signature
 *(.signature*)

.user_signatures
 *(.user_signatures*)

.stab
 *(.stab)

.stabstr
 *(.stabstr)

.stab.excl
 *(.stab.excl)

.stab.exclstr
 *(.stab.exclstr)

.stab.index
 *(.stab.index)

.stab.indexstr
 *(.stab.indexstr)

.comment        0x00000000       0x30
 *(.comment)
 .comment       0x00000000       0x30 src/ASF/common/components/display/st7565r/st7565r.o
                                 0x31 (size before relaxing)
 .comment       0x00000030       0x31 src/ASF/common/services/gfx_mono/gfx_mono_c12832_a1z.o
 .comment       0x00000030       0x31 src/ASF/xmega/drivers/usart/usart.o
 .comment       0x00000030       0x31 src/ASF/common/services/spi/xmega_usart_spi/usart_spi.o
 .comment       0x00000030       0x31 src/ASF/common/services/gfx_mono/gfx_mono_framebuffer.o
 .comment       0x00000030       0x31 src/ASF/common/services/gfx_mono/gfx_mono_generic.o
 .comment       0x00000030       0x31 src/ASF/common/services/clock/xmega/sysclk.o
 .comment       0x00000030       0x31 src/ASF/common/services/gfx_mono/gfx_mono_text.o
 .comment       0x00000030       0x31 src/ASF/common/services/gfx_mono/sysfont.o
 .comment       0x00000030       0x31 src/ASF/common/services/ioport/xmega/ioport_compat.o
 .comment       0x00000030       0x31 src/ASF/xmega/boards/xmega_a3bu_xplained/init.o
 .comment       0x00000030       0x31 src/main.o

.note.gnu.avr.deviceinfo
                0x00000000       0x44
 .note.gnu.avr.deviceinfo
                0x00000000       0x44 C:/Program Files (x86)/Atmel/Studio/7.0/Packs/atmel/XMEGAA_DFP/1.0.36/gcc/dev/atxmega256a3bu/avrxmega6/crtatxmega256a3bu.o

.note.gnu.build-id
 *(.note.gnu.build-id)

.debug
 *(.debug)

.line
 *(.line)

.debug_srcinfo
 *(.debug_srcinfo)

.debug_sfnames
 *(.debug_sfnames)

.debug_aranges  0x00000000      0x310
 *(.debug_aranges)
 .debug_aranges
                0x00000000       0x20 src/ASF/common/components/display/st7565r/st7565r.o
 .debug_aranges
                0x00000020       0x60 src/ASF/common/services/gfx_mono/gfx_mono_c12832_a1z.o
 .debug_aranges
                0x00000080       0x58 src/ASF/xmega/drivers/usart/usart.o
 .debug_aranges
                0x000000d8       0x48 src/ASF/common/services/spi/xmega_usart_spi/usart_spi.o
 .debug_aranges
                0x00000120       0x58 src/ASF/common/services/gfx_mono/gfx_mono_framebuffer.o
 .debug_aranges
                0x00000178       0x58 src/ASF/common/services/gfx_mono/gfx_mono_generic.o
 .debug_aranges
                0x000001d0       0x40 src/ASF/common/services/clock/xmega/sysclk.o
 .debug_aranges
                0x00000210       0x40 src/ASF/common/services/gfx_mono/gfx_mono_text.o
 .debug_aranges
                0x00000250       0x20 src/ASF/xmega/drivers/cpu/ccp.o
 .debug_aranges
                0x00000270       0x18 src/ASF/common/services/gfx_mono/sysfont.o
 .debug_aranges
                0x00000288       0x20 src/ASF/common/services/ioport/xmega/ioport_compat.o
 .debug_aranges
                0x000002a8       0x20 src/ASF/xmega/boards/xmega_a3bu_xplained/init.o
 .debug_aranges
                0x000002c8       0x48 src/main.o

.debug_pubnames
 *(.debug_pubnames)

.debug_info     0x00000000     0xab96
 *(.debug_info .gnu.linkonce.wi.*)
 .debug_info    0x00000000     0x188a src/ASF/common/components/display/st7565r/st7565r.o
 .debug_info    0x0000188a     0x1d87 src/ASF/common/services/gfx_mono/gfx_mono_c12832_a1z.o
 .debug_info    0x00003611     0x2d09 src/ASF/xmega/drivers/usart/usart.o
 .debug_info    0x0000631a      0xbd0 src/ASF/common/services/spi/xmega_usart_spi/usart_spi.o
 .debug_info    0x00006eea      0x499 src/ASF/common/services/gfx_mono/gfx_mono_framebuffer.o
 .debug_info    0x00007383      0xc60 src/ASF/common/services/gfx_mono/gfx_mono_generic.o
 .debug_info    0x00007fe3      0x836 src/ASF/common/services/clock/xmega/sysclk.o
 .debug_info    0x00008819      0x741 src/ASF/common/services/gfx_mono/gfx_mono_text.o
 .debug_info    0x00008f5a       0x8e src/ASF/xmega/drivers/cpu/ccp.o
 .debug_info    0x00008fe8      0x1a6 src/ASF/common/services/gfx_mono/sysfont.o
 .debug_info    0x0000918e      0x11d src/ASF/common/services/ioport/xmega/ioport_compat.o
 .debug_info    0x000092ab      0xa6d src/ASF/xmega/boards/xmega_a3bu_xplained/init.o
 .debug_info    0x00009d18      0xe7e src/main.o

.debug_abbrev   0x00000000     0x1bd1
 *(.debug_abbrev)
 .debug_abbrev  0x00000000      0x290 src/ASF/common/components/display/st7565r/st7565r.o
 .debug_abbrev  0x00000290      0x39f src/ASF/common/services/gfx_mono/gfx_mono_c12832_a1z.o
 .debug_abbrev  0x0000062f      0x3df src/ASF/xmega/drivers/usart/usart.o
 .debug_abbrev  0x00000a0e      0x2ed src/ASF/common/services/spi/xmega_usart_spi/usart_spi.o
 .debug_abbrev  0x00000cfb      0x19a src/ASF/common/services/gfx_mono/gfx_mono_framebuffer.o
 .debug_abbrev  0x00000e95      0x1d8 src/ASF/common/services/gfx_mono/gfx_mono_generic.o
 .debug_abbrev  0x0000106d      0x27b src/ASF/common/services/clock/xmega/sysclk.o
 .debug_abbrev  0x000012e8      0x233 src/ASF/common/services/gfx_mono/gfx_mono_text.o
 .debug_abbrev  0x0000151b       0x14 src/ASF/xmega/drivers/cpu/ccp.o
 .debug_abbrev  0x0000152f       0xe0 src/ASF/common/services/gfx_mono/sysfont.o
 .debug_abbrev  0x0000160f       0x93 src/ASF/common/services/ioport/xmega/ioport_compat.o
 .debug_abbrev  0x000016a2      0x160 src/ASF/xmega/boards/xmega_a3bu_xplained/init.o
 .debug_abbrev  0x00001802      0x3cf src/main.o

.debug_line     0x00000000     0x6fd6
 *(.debug_line .debug_line.* .debug_line_end)
 .debug_line    0x00000000      0xaa0 src/ASF/common/components/display/st7565r/st7565r.o
 .debug_line    0x00000aa0      0xdcb src/ASF/common/services/gfx_mono/gfx_mono_c12832_a1z.o
 .debug_line    0x0000186b      0xc9d src/ASF/xmega/drivers/usart/usart.o
 .debug_line    0x00002508      0x7ee src/ASF/common/services/spi/xmega_usart_spi/usart_spi.o
 .debug_line    0x00002cf6      0x93c src/ASF/common/services/gfx_mono/gfx_mono_framebuffer.o
 .debug_line    0x00003632      0xc2f src/ASF/common/services/gfx_mono/gfx_mono_generic.o
 .debug_line    0x00004261      0x66e src/ASF/common/services/clock/xmega/sysclk.o
 .debug_line    0x000048cf      0x9ba src/ASF/common/services/gfx_mono/gfx_mono_text.o
 .debug_line    0x00005289       0x6e src/ASF/xmega/drivers/cpu/ccp.o
 .debug_line    0x000052f7      0x7c2 src/ASF/common/services/gfx_mono/sysfont.o
 .debug_line    0x00005ab9      0x4b4 src/ASF/common/services/ioport/xmega/ioport_compat.o
 .debug_line    0x00005f6d      0x4df src/ASF/xmega/boards/xmega_a3bu_xplained/init.o
 .debug_line    0x0000644c      0xb8a src/main.o

.debug_frame    0x00000000      0x920
 *(.debug_frame)
 .debug_frame   0x00000000       0x58 src/ASF/common/components/display/st7565r/st7565r.o
 .debug_frame   0x00000058      0x1b4 src/ASF/common/services/gfx_mono/gfx_mono_c12832_a1z.o
 .debug_frame   0x0000020c      0x154 src/ASF/xmega/drivers/usart/usart.o
 .debug_frame   0x00000360       0x90 src/ASF/common/services/spi/xmega_usart_spi/usart_spi.o
 .debug_frame   0x000003f0       0xd0 src/ASF/common/services/gfx_mono/gfx_mono_framebuffer.o
 .debug_frame   0x000004c0      0x21c src/ASF/common/services/gfx_mono/gfx_mono_generic.o
 .debug_frame   0x000006dc       0x64 src/ASF/common/services/clock/xmega/sysclk.o
 .debug_frame   0x00000740      0x100 src/ASF/common/services/gfx_mono/gfx_mono_text.o
 .debug_frame   0x00000840       0x30 src/ASF/common/services/ioport/xmega/ioport_compat.o
 .debug_frame   0x00000870       0x24 src/ASF/xmega/boards/xmega_a3bu_xplained/init.o
 .debug_frame   0x00000894       0x8c src/main.o

.debug_str      0x00000000    0x2cdf8
 *(.debug_str)
 .debug_str     0x00000000    0x28f36 src/ASF/common/components/display/st7565r/st7565r.o
                              0x29789 (size before relaxing)
 .debug_str     0x00028f36      0xc05 src/ASF/common/services/gfx_mono/gfx_mono_c12832_a1z.o
                              0x2a08a (size before relaxing)
 .debug_str     0x00029b3b      0xce4 src/ASF/xmega/drivers/usart/usart.o
                              0x29914 (size before relaxing)
 .debug_str     0x0002a81f       0x87 src/ASF/common/services/spi/xmega_usart_spi/usart_spi.o
                              0x28dd5 (size before relaxing)
 .debug_str     0x0002a8a6       0xba src/ASF/common/services/gfx_mono/gfx_mono_framebuffer.o
                              0x29ca5 (size before relaxing)
 .debug_str     0x0002a960      0x213 src/ASF/common/services/gfx_mono/gfx_mono_generic.o
                              0x29de8 (size before relaxing)
 .debug_str     0x0002ab73      0x2f9 src/ASF/common/services/clock/xmega/sysclk.o
                              0x285df (size before relaxing)
 .debug_str     0x0002ae6c      0x233 src/ASF/common/services/gfx_mono/gfx_mono_text.o
                              0x29d8d (size before relaxing)
 .debug_str     0x0002b09f     0x10b0 src/ASF/common/services/gfx_mono/sysfont.o
                              0x2abd9 (size before relaxing)
 .debug_str     0x0002c14f       0x77 src/ASF/common/services/ioport/xmega/ioport_compat.o
                              0x26492 (size before relaxing)
 .debug_str     0x0002c1c6       0xf7 src/ASF/xmega/boards/xmega_a3bu_xplained/init.o
                              0x27f17 (size before relaxing)
 .debug_str     0x0002c2bd      0xb3b src/main.o
                              0x2be44 (size before relaxing)

.debug_loc      0x00000000     0x4aec
 *(.debug_loc)
 .debug_loc     0x00000000       0xcd src/ASF/common/components/display/st7565r/st7565r.o
 .debug_loc     0x000000cd      0xde0 src/ASF/common/services/gfx_mono/gfx_mono_c12832_a1z.o
 .debug_loc     0x00000ead     0x106a src/ASF/xmega/drivers/usart/usart.o
 .debug_loc     0x00001f17      0x58a src/ASF/common/services/spi/xmega_usart_spi/usart_spi.o
 .debug_loc     0x000024a1      0x62c src/ASF/common/services/gfx_mono/gfx_mono_framebuffer.o
 .debug_loc     0x00002acd     0x1193 src/ASF/common/services/gfx_mono/gfx_mono_generic.o
 .debug_loc     0x00003c60      0x205 src/ASF/common/services/clock/xmega/sysclk.o
 .debug_loc     0x00003e65      0x997 src/ASF/common/services/gfx_mono/gfx_mono_text.o
 .debug_loc     0x000047fc       0x66 src/ASF/common/services/ioport/xmega/ioport_compat.o
 .debug_loc     0x00004862      0x28a src/main.o

.debug_macinfo
 *(.debug_macinfo)

.debug_weaknames
 *(.debug_weaknames)

.debug_funcnames
 *(.debug_funcnames)

.debug_typenames
 *(.debug_typenames)

.debug_varnames
 *(.debug_varnames)

.debug_pubtypes
 *(.debug_pubtypes)

.debug_ranges   0x00000000      0x440
 *(.debug_ranges)
 .debug_ranges  0x00000000       0x10 src/ASF/common/components/display/st7565r/st7565r.o
 .debug_ranges  0x00000010      0x188 src/ASF/common/services/gfx_mono/gfx_mono_c12832_a1z.o
 .debug_ranges  0x00000198       0x80 src/ASF/xmega/drivers/usart/usart.o
 .debug_ranges  0x00000218       0x98 src/ASF/common/services/spi/xmega_usart_spi/usart_spi.o
 .debug_ranges  0x000002b0       0x48 src/ASF/common/services/gfx_mono/gfx_mono_framebuffer.o
 .debug_ranges  0x000002f8       0x48 src/ASF/common/services/gfx_mono/gfx_mono_generic.o
 .debug_ranges  0x00000340       0x30 src/ASF/common/services/clock/xmega/sysclk.o
 .debug_ranges  0x00000370       0x30 src/ASF/common/services/gfx_mono/gfx_mono_text.o
 .debug_ranges  0x000003a0       0x10 src/ASF/common/services/ioport/xmega/ioport_compat.o
 .debug_ranges  0x000003b0       0x10 src/ASF/xmega/boards/xmega_a3bu_xplained/init.o
 .debug_ranges  0x000003c0       0x80 src/main.o

.debug_macro    0x00000000     0xb5fa
 *(.debug_macro)
 .debug_macro   0x00000000      0x276 src/ASF/common/components/display/st7565r/st7565r.o
 .debug_macro   0x00000276      0xa9c src/ASF/common/components/display/st7565r/st7565r.o
 .debug_macro   0x00000d12       0x10 src/ASF/common/components/display/st7565r/st7565r.o
 .debug_macro   0x00000d22      0x1ad src/ASF/common/components/display/st7565r/st7565r.o
 .debug_macro   0x00000ecf      0x293 src/ASF/common/components/display/st7565r/st7565r.o
 .debug_macro   0x00001162       0x9e src/ASF/common/components/display/st7565r/st7565r.o
 .debug_macro   0x00001200     0x5e34 src/ASF/common/components/display/st7565r/st7565r.o
 .debug_macro   0x00007034       0x9a src/ASF/common/components/display/st7565r/st7565r.o
 .debug_macro   0x000070ce       0xf1 src/ASF/common/components/display/st7565r/st7565r.o
 .debug_macro   0x000071bf       0x34 src/ASF/common/components/display/st7565r/st7565r.o
 .debug_macro   0x000071f3       0x10 src/ASF/common/components/display/st7565r/st7565r.o
 .debug_macro   0x00007203       0x18 src/ASF/common/components/display/st7565r/st7565r.o
 .debug_macro   0x0000721b       0x5e src/ASF/common/components/display/st7565r/st7565r.o
 .debug_macro   0x00007279       0x10 src/ASF/common/components/display/st7565r/st7565r.o
 .debug_macro   0x00007289       0x22 src/ASF/common/components/display/st7565r/st7565r.o
 .debug_macro   0x000072ab      0x166 src/ASF/common/components/display/st7565r/st7565r.o
 .debug_macro   0x00007411       0x1c src/ASF/common/components/display/st7565r/st7565r.o
 .debug_macro   0x0000742d       0x35 src/ASF/common/components/display/st7565r/st7565r.o
 .debug_macro   0x00007462       0x66 src/ASF/common/components/display/st7565r/st7565r.o
 .debug_macro   0x000074c8      0x4d1 src/ASF/common/components/display/st7565r/st7565r.o
 .debug_macro   0x00007999       0x97 src/ASF/common/components/display/st7565r/st7565r.o
 .debug_macro   0x00007a30       0x17 src/ASF/common/components/display/st7565r/st7565r.o
 .debug_macro   0x00007a47      0x250 src/ASF/common/components/display/st7565r/st7565r.o
 .debug_macro   0x00007c97       0x76 src/ASF/common/components/display/st7565r/st7565r.o
 .debug_macro   0x00007d0d       0x16 src/ASF/common/components/display/st7565r/st7565r.o
 .debug_macro   0x00007d23      0x6e3 src/ASF/common/components/display/st7565r/st7565r.o
 .debug_macro   0x00008406       0x10 src/ASF/common/components/display/st7565r/st7565r.o
 .debug_macro   0x00008416      0x175 src/ASF/common/components/display/st7565r/st7565r.o
 .debug_macro   0x0000858b       0x40 src/ASF/common/components/display/st7565r/st7565r.o
 .debug_macro   0x000085cb       0x69 src/ASF/common/components/display/st7565r/st7565r.o
 .debug_macro   0x00008634       0x32 src/ASF/common/components/display/st7565r/st7565r.o
 .debug_macro   0x00008666       0xe4 src/ASF/common/components/display/st7565r/st7565r.o
 .debug_macro   0x0000874a       0x22 src/ASF/common/components/display/st7565r/st7565r.o
 .debug_macro   0x0000876c      0x248 src/ASF/common/components/display/st7565r/st7565r.o
 .debug_macro   0x000089b4      0x303 src/ASF/common/components/display/st7565r/st7565r.o
 .debug_macro   0x00008cb7       0x7d src/ASF/common/components/display/st7565r/st7565r.o
 .debug_macro   0x00008d34       0x2f src/ASF/common/components/display/st7565r/st7565r.o
 .debug_macro   0x00008d63      0x154 src/ASF/common/components/display/st7565r/st7565r.o
 .debug_macro   0x00008eb7       0x82 src/ASF/common/components/display/st7565r/st7565r.o
 .debug_macro   0x00008f39      0x109 src/ASF/common/components/display/st7565r/st7565r.o
 .debug_macro   0x00009042       0x28 src/ASF/common/components/display/st7565r/st7565r.o
 .debug_macro   0x0000906a       0x23 src/ASF/common/components/display/st7565r/st7565r.o
 .debug_macro   0x0000908d       0x3a src/ASF/common/components/display/st7565r/st7565r.o
 .debug_macro   0x000090c7      0x100 src/ASF/common/components/display/st7565r/st7565r.o
 .debug_macro   0x000091c7       0x34 src/ASF/common/components/display/st7565r/st7565r.o
 .debug_macro   0x000091fb       0x2e src/ASF/common/components/display/st7565r/st7565r.o
 .debug_macro   0x00009229      0x2ba src/ASF/common/services/gfx_mono/gfx_mono_c12832_a1z.o
 .debug_macro   0x000094e3       0x7a src/ASF/common/services/gfx_mono/gfx_mono_c12832_a1z.o
 .debug_macro   0x0000955d       0x89 src/ASF/common/services/gfx_mono/gfx_mono_c12832_a1z.o
 .debug_macro   0x000095e6      0x221 src/ASF/xmega/drivers/usart/usart.o
 .debug_macro   0x00009807      0x299 src/ASF/xmega/drivers/usart/usart.o
 .debug_macro   0x00009aa0      0x234 src/ASF/common/services/spi/xmega_usart_spi/usart_spi.o
 .debug_macro   0x00009cd4      0x2ae src/ASF/common/services/gfx_mono/gfx_mono_framebuffer.o
 .debug_macro   0x00009f82      0x2ae src/ASF/common/services/gfx_mono/gfx_mono_generic.o
 .debug_macro   0x0000a230      0x1db src/ASF/common/services/clock/xmega/sysclk.o
 .debug_macro   0x0000a40b       0x26 src/ASF/common/services/clock/xmega/sysclk.o
 .debug_macro   0x0000a431      0x2d5 src/ASF/common/services/gfx_mono/gfx_mono_text.o
 .debug_macro   0x0000a706       0xaa src/ASF/common/services/gfx_mono/gfx_mono_text.o
 .debug_macro   0x0000a7b0      0x2db src/ASF/common/services/gfx_mono/sysfont.o
 .debug_macro   0x0000aa8b       0x3a src/ASF/common/services/gfx_mono/sysfont.o
 .debug_macro   0x0000aac5      0x193 src/ASF/common/services/ioport/xmega/ioport_compat.o
 .debug_macro   0x0000ac58      0x1b5 src/ASF/xmega/boards/xmega_a3bu_xplained/init.o
 .debug_macro   0x0000ae0d       0x2e src/ASF/xmega/boards/xmega_a3bu_xplained/init.o
 .debug_macro   0x0000ae3b      0x242 src/ASF/xmega/boards/xmega_a3bu_xplained/init.o
 .debug_macro   0x0000b07d      0x394 src/main.o
 .debug_macro   0x0000b411       0x34 src/main.o
 .debug_macro   0x0000b445       0x46 src/main.o
 .debug_macro   0x0000b48b       0x1c src/main.o
 .debug_macro   0x0000b4a7       0x58 src/main.o
 .debug_macro   0x0000b4ff       0x10 src/main.o
 .debug_macro   0x0000b50f       0xeb src/main.o
OUTPUT(tesUSART.elf elf32-avr)
LOAD linker stubs

.BOOT           0x00040000        0x0
