Archive member included to satisfy reference by file (symbol)

c:/atmel/studio/7.0/toolchain/avr8/avr8-gnu-toolchain/bin/../lib/gcc/avr/5.4.0/avrxmega6\libgcc.a(_udivmodsi4.o)
                              src/ASF/xmega/drivers/usart/usart.o (__udivmodsi4)
c:/atmel/studio/7.0/toolchain/avr8/avr8-gnu-toolchain/bin/../lib/gcc/avr/5.4.0/avrxmega6\libgcc.a(_exit.o)
                              C:/Atmel/Studio/7.0/Packs/atmel/XMEGAA_DFP/1.1.68/gcc/dev/atxmega256a3bu/avrxmega6/crtatxmega256a3bu.o (exit)
c:/atmel/studio/7.0/toolchain/avr8/avr8-gnu-toolchain/bin/../lib/gcc/avr/5.4.0/avrxmega6\libgcc.a(_copy_data.o)
                              src/ASF/common/services/sleepmgr/xmega/sleepmgr.o (__do_copy_data)
c:/atmel/studio/7.0/toolchain/avr8/avr8-gnu-toolchain/bin/../lib/gcc/avr/5.4.0/avrxmega6\libgcc.a(_clear_bss.o)
                              src/ASF/common/services/gfx_mono/gfx_mono_c12832_a1z.o (__do_clear_bss)
c:/atmel/studio/7.0/toolchain/avr8/avr8-gnu-toolchain/bin/../lib/gcc/avr/5.4.0/../../../../avr/lib/avrxmega6\libc.a(memcpy.o)
                              src/ASF/xmega/drivers/nvm/nvm.o (memcpy)
c:/atmel/studio/7.0/toolchain/avr8/avr8-gnu-toolchain/bin/../lib/gcc/avr/5.4.0/../../../../avr/lib/avrxmega6\libc.a(strcmp.o)
                              src/main.o (strcmp)

Allocating common symbols
Common symbol       size              file

sleepmgr_locks      0x6               src/ASF/common/services/sleepmgr/xmega/sleepmgr.o

Discarded input sections

 .data          0x00000000        0x0 C:/Atmel/Studio/7.0/Packs/atmel/XMEGAA_DFP/1.1.68/gcc/dev/atxmega256a3bu/avrxmega6/crtatxmega256a3bu.o
 .bss           0x00000000        0x0 C:/Atmel/Studio/7.0/Packs/atmel/XMEGAA_DFP/1.1.68/gcc/dev/atxmega256a3bu/avrxmega6/crtatxmega256a3bu.o
 .group         0x00000000        0x8 src/ASF/common/components/display/st7565r/st7565r.o
 .group         0x00000000        0x8 src/ASF/common/components/display/st7565r/st7565r.o
 .group         0x00000000        0x8 src/ASF/common/components/display/st7565r/st7565r.o
 .group         0x00000000        0x8 src/ASF/common/components/display/st7565r/st7565r.o
 .group         0x00000000        0x8 src/ASF/common/components/display/st7565r/st7565r.o
 .group         0x00000000        0x8 src/ASF/common/components/display/st7565r/st7565r.o
 .group         0x00000000        0x8 src/ASF/common/components/display/st7565r/st7565r.o
 .group         0x00000000        0x8 src/ASF/common/components/display/st7565r/st7565r.o
 .group         0x00000000        0x8 src/ASF/common/components/display/st7565r/st7565r.o
 .group         0x00000000        0x8 src/ASF/common/components/display/st7565r/st7565r.o
 .group         0x00000000        0x8 src/ASF/common/components/display/st7565r/st7565r.o
 .group         0x00000000        0x8 src/ASF/common/components/display/st7565r/st7565r.o
 .group         0x00000000        0x8 src/ASF/common/components/display/st7565r/st7565r.o
 .group         0x00000000        0x8 src/ASF/common/components/display/st7565r/st7565r.o
 .group         0x00000000        0x8 src/ASF/common/components/display/st7565r/st7565r.o
 .group         0x00000000        0x8 src/ASF/common/components/display/st7565r/st7565r.o
 .group         0x00000000        0x8 src/ASF/common/components/display/st7565r/st7565r.o
 .group         0x00000000        0x8 src/ASF/common/components/display/st7565r/st7565r.o
 .group         0x00000000        0x8 src/ASF/common/components/display/st7565r/st7565r.o
 .group         0x00000000        0x8 src/ASF/common/components/display/st7565r/st7565r.o
 .group         0x00000000        0x8 src/ASF/common/components/display/st7565r/st7565r.o
 .group         0x00000000        0x8 src/ASF/common/components/display/st7565r/st7565r.o
 .group         0x00000000        0x8 src/ASF/common/components/display/st7565r/st7565r.o
 .group         0x00000000        0x8 src/ASF/common/components/display/st7565r/st7565r.o
 .group         0x00000000        0x8 src/ASF/common/components/display/st7565r/st7565r.o
 .group         0x00000000        0x8 src/ASF/common/components/display/st7565r/st7565r.o
 .group         0x00000000        0x8 src/ASF/common/components/display/st7565r/st7565r.o
 .group         0x00000000        0x8 src/ASF/common/components/display/st7565r/st7565r.o
 .group         0x00000000        0x8 src/ASF/common/components/display/st7565r/st7565r.o
 .group         0x00000000        0x8 src/ASF/common/components/display/st7565r/st7565r.o
 .group         0x00000000        0x8 src/ASF/common/components/display/st7565r/st7565r.o
 .group         0x00000000        0x8 src/ASF/common/components/display/st7565r/st7565r.o
 .group         0x00000000        0x8 src/ASF/common/components/display/st7565r/st7565r.o
 .group         0x00000000        0x8 src/ASF/common/components/display/st7565r/st7565r.o
 .group         0x00000000        0x8 src/ASF/common/components/display/st7565r/st7565r.o
[...]
Memory Configuration

Name             Origin             Length             Attributes
text             0x00000000         0x00100000         xr
data             0x00802000         0x0000ffa0         rw !x
eeprom           0x00810000         0x00010000         rw !x
fuse             0x00820000         0x00000006         rw !x
lock             0x00830000         0x00000400         rw !x
signature        0x00840000         0x00000400         rw !x
user_signatures  0x00850000         0x00000400         rw !x
*default*        0x00000000         0xffffffff

Linker script and memory map

LOAD C:/Atmel/Studio/7.0/Packs/atmel/XMEGAA_DFP/1.1.68/gcc/dev/atxmega256a3bu/avrxmega6/crtatxmega256a3bu.o
LOAD src/ASF/common/components/display/st7565r/st7565r.o
LOAD src/ASF/common/services/gfx_mono/gfx_mono_c12832_a1z.o
LOAD src/ASF/common/services/serial/usart_serial.o
LOAD src/ASF/common/services/sleepmgr/xmega/sleepmgr.o
LOAD src/ASF/xmega/drivers/tc/tc.o
LOAD src/ASF/xmega/drivers/usart/usart.o
LOAD src/ASF/common/services/spi/xmega_usart_spi/usart_spi.o
LOAD src/ASF/common/services/spi/xmega_spi/spi_master.o
LOAD src/ASF/common/services/gfx_mono/gfx_mono_framebuffer.o
LOAD src/ASF/common/services/gfx_mono/gfx_mono_generic.o
LOAD src/ASF/common/services/clock/xmega/sysclk.o
LOAD src/ASF/common/services/gfx_mono/gfx_mono_text.o
LOAD src/ASF/xmega/drivers/nvm/nvm.o
LOAD src/ASF/xmega/drivers/spi/spi.o
LOAD src/ASF/xmega/drivers/nvm/nvm_asm.o
LOAD src/ASF/xmega/drivers/cpu/ccp.o
LOAD src/ASF/common/services/gfx_mono/sysfont.o
LOAD src/ASF/common/services/ioport/xmega/ioport_compat.o
LOAD src/ASF/xmega/boards/xmega_a3bu_xplained/init.o
LOAD src/main.o
START GROUP
LOAD c:/atmel/studio/7.0/toolchain/avr8/avr8-gnu-toolchain/bin/../lib/gcc/avr/5.4.0/../../../../avr/lib/avrxmega6\libm.a
END GROUP
Address of section .BOOT set to 0x40000
START GROUP
LOAD c:/atmel/studio/7.0/toolchain/avr8/avr8-gnu-toolchain/bin/../lib/gcc/avr/5.4.0/avrxmega6\libgcc.a
LOAD c:/atmel/studio/7.0/toolchain/avr8/avr8-gnu-toolchain/bin/../lib/gcc/avr/5.4.0/../../../../avr/lib/avrxmega6\libm.a
LOAD c:/atmel/studio/7.0/toolchain/avr8/avr8-gnu-toolchain/bin/../lib/gcc/avr/5.4.0/../../../../avr/lib/avrxmega6\libc.a
LOAD C:/Atmel/Studio/7.0/Packs/atmel/XMEGAA_DFP/1.1.68/gcc/dev/atxmega256a3bu/avrxmega6\libatxmega256a3bu.a
END GROUP
                0x00100000                __TEXT_REGION_LENGTH__ = DEFINED (__TEXT_REGION_LENGTH__)?__TEXT_REGION_LENGTH__:0x100000
                0x0000ffa0                __DATA_REGION_LENGTH__ = DEFINED (__DATA_REGION_LENGTH__)?__DATA_REGION_LENGTH__:0xffa0
                0x00010000                __EEPROM_REGION_LENGTH__ = DEFINED (__EEPROM_REGION_LENGTH__)?__EEPROM_REGION_LENGTH__:0x10000
                [0x00000006]                __FUSE_REGION_LENGTH__ = DEFINED (__FUSE_REGION_LENGTH__)?__FUSE_REGION_LENGTH__:0x400
                0x00000400                __LOCK_REGION_LENGTH__ = DEFINED (__LOCK_REGION_LENGTH__)?__LOCK_REGION_LENGTH__:0x400
                0x00000400                __SIGNATURE_REGION_LENGTH__ = DEFINED (__SIGNATURE_REGION_LENGTH__)?__SIGNATURE_REGION_LENGTH__:0x400
                0x00000400                __USER_SIGNATURE_REGION_LENGTH__ = DEFINED (__USER_SIGNATURE_REGION_LENGTH__)?__USER_SIGNATURE_REGION_LENGTH__:0x400

.hash
 *(.hash)

.dynsym
 *(.dynsym)

.dynstr
 *(.dynstr)

.gnu.version
 *(.gnu.version)

.gnu.version_d
 *(.gnu.version_d)

.gnu.version_r
 *(.gnu.version_r)

.rel.init
 *(.rel.init)

.rela.init
 *(.rela.init)

.rel.text
 *(.rel.text)
 *(.rel.text.*)
 *(.rel.gnu.linkonce.t*)

.rela.text
 *(.rela.text)
 *(.rela.text.*)
 *(.rela.gnu.linkonce.t*)

.rel.fini
 *(.rel.fini)

.rela.fini
 *(.rela.fini)

.rel.rodata
 *(.rel.rodata)
 *(.rel.rodata.*)
 *(.rel.gnu.linkonce.r*)

.rela.rodata
 *(.rela.rodata)
 *(.rela.rodata.*)
 *(.rela.gnu.linkonce.r*)

.rel.data
 *(.rel.data)
 *(.rel.data.*)
 *(.rel.gnu.linkonce.d*)

.rela.data
 *(.rela.data)
 *(.rela.data.*)
 *(.rela.gnu.linkonce.d*)

.rel.ctors
 *(.rel.ctors)

.rela.ctors
 *(.rela.ctors)

.rel.dtors
 *(.rel.dtors)

.rela.dtors
 *(.rela.dtors)

.rel.got
 *(.rel.got)

.rela.got
 *(.rela.got)

.rel.bss
 *(.rel.bss)

.rela.bss
 *(.rela.bss)

.rel.plt
 *(.rel.plt)

.rela.plt
 *(.rela.plt)

.text           0x00000000     0x2808
 *(.vectors)
 .vectors       0x00000000      0x1fc C:/Atmel/Studio/7.0/Packs/atmel/XMEGAA_DFP/1.1.68/gcc/dev/atxmega256a3bu/avrxmega6/crtatxmega256a3bu.o
                0x00000000                __vector_default
                0x00000000                __vectors
 *(.vectors)
 *(.progmem.gcc*)
                0x000001fc                . = ALIGN (0x2)
                0x000001fc                __trampolines_start = .
 *(.trampolines)
 .trampolines   0x000001fc        0x0 linker stubs
 *(.trampolines*)
                0x000001fc                __trampolines_end = .
 *libprintf_flt.a:*(.progmem.data)
 *libc.a:*(.progmem.data)
 *(.progmem*)
 .progmem.data.sysfont_glyphs
                0x000001fc      0x292 src/ASF/common/services/gfx_mono/sysfont.o
                0x0000048e                . = ALIGN (0x2)
 *(.jumptables)
 *(.jumptables*)
 *(.lowtext)
 *(.lowtext*)
                0x0000048e                __ctors_start = .
 *(.ctors)
                0x0000048e                __ctors_end = .
                0x0000048e                __dtors_start = .
 *(.dtors)
                0x0000048e                __dtors_end = .
 SORT(*)(.ctors)
 SORT(*)(.dtors)
 *(.init0)
 .init0         0x0000048e        0x0 C:/Atmel/Studio/7.0/Packs/atmel/XMEGAA_DFP/1.1.68/gcc/dev/atxmega256a3bu/avrxmega6/crtatxmega256a3bu.o
                0x0000048e                __init
 *(.init0)
 *(.init1)
 *(.init1)
 *(.init2)
 .init2         0x0000048e       0x10 C:/Atmel/Studio/7.0/Packs/atmel/XMEGAA_DFP/1.1.68/gcc/dev/atxmega256a3bu/avrxmega6/crtatxmega256a3bu.o
 *(.init2)
 *(.init3)
 *(.init3)
 *(.init4)
 .init4         0x0000049e       0x1a c:/atmel/studio/7.0/toolchain/avr8/avr8-gnu-toolchain/bin/../lib/gcc/avr/5.4.0/avrxmega6\libgcc.a(_copy_data.o)
                0x0000049e                __do_copy_data
 .init4         0x000004b8       0x10 c:/atmel/studio/7.0/toolchain/avr8/avr8-gnu-toolchain/bin/../lib/gcc/avr/5.4.0/avrxmega6\libgcc.a(_clear_bss.o)
                0x000004b8                __do_clear_bss
 *(.init4)
 *(.init5)
 *(.init5)
 *(.init6)
 *(.init6)
 *(.init7)
 *(.init7)
 *(.init8)
 *(.init8)
 *(.init9)
 .init9         0x000004c8        0x8 C:/Atmel/Studio/7.0/Packs/atmel/XMEGAA_DFP/1.1.68/gcc/dev/atxmega256a3bu/avrxmega6/crtatxmega256a3bu.o
 *(.init9)
 *(.text)
 .text          0x000004d0        0x2 C:/Atmel/Studio/7.0/Packs/atmel/XMEGAA_DFP/1.1.68/gcc/dev/atxmega256a3bu/avrxmega6/crtatxmega256a3bu.o
                0x000004d0                __vector_38
                0x000004d0                __vector_104
                0x000004d0                __vector_63
                0x000004d0                __vector_28
                0x000004d0                __vector_67
                0x000004d0                __vector_1
                0x000004d0                __vector_119
                0x000004d0                __vector_32
                0x000004d0                __vector_75
                0x000004d0                __vector_71
                0x000004d0                __vector_91
                0x000004d0                __vector_34
                0x000004d0                __vector_62
                0x000004d0                __vector_102
                0x000004d0                __vector_24
                0x000004d0                __vector_12
                0x000004d0                __vector_69
                0x000004d0                __vector_90
                0x000004d0                __vector_46
                0x000004d0                __bad_interrupt
                0x000004d0                __vector_122
                0x000004d0                __vector_72
                0x000004d0                __vector_114
                0x000004d0                __vector_6
                0x000004d0                __vector_31
                0x000004d0                __vector_92
                0x000004d0                __vector_35
                0x000004d0                __vector_74
                0x000004d0                __vector_117
                0x000004d0                __vector_39
                0x000004d0                __vector_107
                0x000004d0                __vector_3
                0x000004d0                __vector_105
                0x000004d0                __vector_98
                0x000004d0                __vector_68
                0x000004d0                __vector_30
                0x000004d0                __vector_73
                0x000004d0                __vector_45
                0x000004d0                __vector_25
                0x000004d0                __vector_93
                0x000004d0                __vector_61
                0x000004d0                __vector_11
                0x000004d0                __vector_99
                0x000004d0                __vector_13
                0x000004d0                __vector_7
                0x000004d0                __vector_125
                0x000004d0                __vector_123
                0x000004d0                __vector_41
                0x000004d0                __vector_100
                0x000004d0                __vector_101
                0x000004d0                __vector_64
                0x000004d0                __vector_88
                0x000004d0                __vector_43
                0x000004d0                __vector_27
                0x000004d0                __vector_5
                0x000004d0                __vector_33
                0x000004d0                __vector_76
                0x000004d0                __vector_115
                0x000004d0                __vector_37
                0x000004d0                __vector_95
                0x000004d0                __vector_103
                0x000004d0                __vector_96
                0x000004d0                __vector_89
                0x000004d0                __vector_4
                0x000004d0                __vector_44
                0x000004d0                __vector_106
                0x000004d0                __vector_118
                0x000004d0                __vector_9
                0x000004d0                __vector_2
                0x000004d0                __vector_66
                0x000004d0                __vector_36
                0x000004d0                __vector_58
                0x000004d0                __vector_70
                0x000004d0                __vector_29
                0x000004d0                __vector_60
                0x000004d0                __vector_121
                0x000004d0                __vector_40
                0x000004d0                __vector_94
                0x000004d0                __vector_126
                0x000004d0                __vector_8
                0x000004d0                __vector_26
                0x000004d0                __vector_124
                0x000004d0                __vector_116
                0x000004d0                __vector_57
                0x000004d0                __vector_10
                0x000004d0                __vector_59
                0x000004d0                __vector_97
                0x000004d0                __vector_42
                0x000004d0                __vector_87
                0x000004d0                __vector_65
                0x000004d0                __vector_120
                0x000004d2                . = ALIGN (0x2)
 *(.text.*)
 .text.__portable_avr_delay_cycles
                0x000004d2        0xc src/ASF/common/components/display/st7565r/st7565r.o
 .text.st7565r_init
                0x000004de      0x3b8 src/ASF/common/components/display/st7565r/st7565r.o
                0x000004de                st7565r_init
 .text.gfx_mono_st7565r_put_byte
                0x00000896      0x160 src/ASF/common/services/gfx_mono/gfx_mono_c12832_a1z.o
                0x00000896                gfx_mono_st7565r_put_byte
 .text.gfx_mono_st7565r_init
                0x000009f6       0x8a src/ASF/common/services/gfx_mono/gfx_mono_c12832_a1z.o
                0x000009f6                gfx_mono_st7565r_init
 .text.gfx_mono_st7565r_draw_pixel
                0x00000a80       0x6e src/ASF/common/services/gfx_mono/gfx_mono_c12832_a1z.o
                0x00000a80                gfx_mono_st7565r_draw_pixel
 .text.gfx_mono_st7565r_get_byte
                0x00000aee        0x6 src/ASF/common/services/gfx_mono/gfx_mono_c12832_a1z.o
                0x00000aee                gfx_mono_st7565r_get_byte
 .text.__vector_14
                0x00000af4       0x5a src/ASF/xmega/drivers/tc/tc.o
                0x00000af4                __vector_14
 .text.__vector_15
                0x00000b4e       0x5a src/ASF/xmega/drivers/tc/tc.o
                0x00000b4e                __vector_15
 .text.__vector_16
                0x00000ba8       0x5a src/ASF/xmega/drivers/tc/tc.o
                0x00000ba8                __vector_16
 .text.__vector_17
                0x00000c02       0x5a src/ASF/xmega/drivers/tc/tc.o
                0x00000c02                __vector_17
 .text.__vector_18
                0x00000c5c       0x5a src/ASF/xmega/drivers/tc/tc.o
                0x00000c5c                __vector_18
 .text.__vector_19
                0x00000cb6       0x5a src/ASF/xmega/drivers/tc/tc.o
                0x00000cb6                __vector_19
 .text.__vector_20
                0x00000d10       0x5a src/ASF/xmega/drivers/tc/tc.o
                0x00000d10                __vector_20
 .text.__vector_21
                0x00000d6a       0x5a src/ASF/xmega/drivers/tc/tc.o
                0x00000d6a                __vector_21
 .text.__vector_22
                0x00000dc4       0x5a src/ASF/xmega/drivers/tc/tc.o
                0x00000dc4                __vector_22
 .text.__vector_23
                0x00000e1e       0x5a src/ASF/xmega/drivers/tc/tc.o
                0x00000e1e                __vector_23
 .text.__vector_77
                0x00000e78       0x5a src/ASF/xmega/drivers/tc/tc.o
                0x00000e78                __vector_77
 .text.__vector_78
                0x00000ed2       0x5a src/ASF/xmega/drivers/tc/tc.o
                0x00000ed2                __vector_78
 .text.__vector_79
                0x00000f2c       0x5a src/ASF/xmega/drivers/tc/tc.o
                0x00000f2c                __vector_79
 .text.__vector_80
                0x00000f86       0x5a src/ASF/xmega/drivers/tc/tc.o
                0x00000f86                __vector_80
 .text.__vector_81
                0x00000fe0       0x5a src/ASF/xmega/drivers/tc/tc.o
                0x00000fe0                __vector_81
 .text.__vector_82
                0x0000103a       0x5a src/ASF/xmega/drivers/tc/tc.o
                0x0000103a                __vector_82
 .text.__vector_83
                0x00001094       0x5a src/ASF/xmega/drivers/tc/tc.o
                0x00001094                __vector_83
 .text.__vector_84
                0x000010ee       0x5a src/ASF/xmega/drivers/tc/tc.o
                0x000010ee                __vector_84
 .text.__vector_85
                0x00001148       0x5a src/ASF/xmega/drivers/tc/tc.o
                0x00001148                __vector_85
 .text.__vector_86
                0x000011a2       0x5a src/ASF/xmega/drivers/tc/tc.o
                0x000011a2                __vector_86
 .text.__vector_47
                0x000011fc       0x5a src/ASF/xmega/drivers/tc/tc.o
                0x000011fc                __vector_47
 .text.__vector_48
                0x00001256       0x5a src/ASF/xmega/drivers/tc/tc.o
                0x00001256                __vector_48
 .text.__vector_49
                0x000012b0       0x5a src/ASF/xmega/drivers/tc/tc.o
                0x000012b0                __vector_49
 .text.__vector_50
                0x0000130a       0x5a src/ASF/xmega/drivers/tc/tc.o
                0x0000130a                __vector_50
 .text.__vector_51
                0x00001364       0x5a src/ASF/xmega/drivers/tc/tc.o
                0x00001364                __vector_51
 .text.__vector_52
                0x000013be       0x5a src/ASF/xmega/drivers/tc/tc.o
                0x000013be                __vector_52
 .text.__vector_53
                0x00001418       0x5a src/ASF/xmega/drivers/tc/tc.o
                0x00001418                __vector_53
 .text.__vector_54
                0x00001472       0x5a src/ASF/xmega/drivers/tc/tc.o
                0x00001472                __vector_54
 .text.__vector_55
                0x000014cc       0x5a src/ASF/xmega/drivers/tc/tc.o
                0x000014cc                __vector_55
 .text.__vector_56
                0x00001526       0x5a src/ASF/xmega/drivers/tc/tc.o
                0x00001526                __vector_56
 .text.__vector_108
                0x00001580       0x5a src/ASF/xmega/drivers/tc/tc.o
                0x00001580                __vector_108
 .text.__vector_109
                0x000015da       0x5a src/ASF/xmega/drivers/tc/tc.o
                0x000015da                __vector_109
 .text.__vector_110
                0x00001634       0x5a src/ASF/xmega/drivers/tc/tc.o
                0x00001634                __vector_110
 .text.__vector_111
                0x0000168e       0x5a src/ASF/xmega/drivers/tc/tc.o
                0x0000168e                __vector_111
 .text.__vector_112
                0x000016e8       0x5a src/ASF/xmega/drivers/tc/tc.o
                0x000016e8                __vector_112
 .text.__vector_113
                0x00001742       0x5a src/ASF/xmega/drivers/tc/tc.o
                0x00001742                __vector_113
 .text.tc_enable
                0x0000179c       0xc6 src/ASF/xmega/drivers/tc/tc.o
                0x0000179c                tc_enable
 .text.tc_set_overflow_interrupt_callback
                0x00001862       0x7c src/ASF/xmega/drivers/tc/tc.o
                0x00001862                tc_set_overflow_interrupt_callback
 .text.usart_putchar
                0x000018de       0x10 src/ASF/xmega/drivers/usart/usart.o
                0x000018de                usart_putchar
 .text.usart_getchar
                0x000018ee        0xc src/ASF/xmega/drivers/usart/usart.o
                0x000018ee                usart_getchar
 .text.usart_set_baudrate
                0x000018fa      0x21e src/ASF/xmega/drivers/usart/usart.o
                0x000018fa                usart_set_baudrate
 .text.usart_init_rs232
                0x00001b18      0x222 src/ASF/xmega/drivers/usart/usart.o
                0x00001b18                usart_init_rs232
 .text.usart_spi_set_baudrate
                0x00001d3a       0x62 src/ASF/xmega/drivers/usart/usart.o
                0x00001d3a                usart_spi_set_baudrate
 .text.usart_init_spi
                0x00001d9c      0x33a src/ASF/xmega/drivers/usart/usart.o
                0x00001d9c                usart_init_spi
 .text.usart_spi_init
                0x000020d6       0x5e src/ASF/common/services/spi/xmega_usart_spi/usart_spi.o
                0x000020d6                usart_spi_init
 .text.usart_spi_setup_device
                0x00002134       0x34 src/ASF/common/services/spi/xmega_usart_spi/usart_spi.o
                0x00002134                usart_spi_setup_device
 .text.usart_spi_select_device
                0x00002168       0x2c src/ASF/common/services/spi/xmega_usart_spi/usart_spi.o
                0x00002168                usart_spi_select_device
 .text.usart_spi_deselect_device
                0x00002194       0x2c src/ASF/common/services/spi/xmega_usart_spi/usart_spi.o
                0x00002194                usart_spi_deselect_device
 .text.gfx_mono_set_framebuffer
                0x000021c0        0xa src/ASF/common/services/gfx_mono/gfx_mono_framebuffer.o
                0x000021c0                gfx_mono_set_framebuffer
 .text.gfx_mono_framebuffer_put_byte
                0x000021ca       0x1c src/ASF/common/services/gfx_mono/gfx_mono_framebuffer.o
                0x000021ca                gfx_mono_framebuffer_put_byte
 .text.gfx_mono_framebuffer_get_byte
                0x000021e6       0x1c src/ASF/common/services/gfx_mono/gfx_mono_framebuffer.o
                0x000021e6                gfx_mono_framebuffer_get_byte
 .text.gfx_mono_generic_draw_horizontal_line
                0x00002202       0xd0 src/ASF/common/services/gfx_mono/gfx_mono_generic.o
                0x00002202                gfx_mono_generic_draw_horizontal_line
 .text.gfx_mono_generic_draw_filled_rect
                0x000022d2       0x34 src/ASF/common/services/gfx_mono/gfx_mono_generic.o
                0x000022d2                gfx_mono_generic_draw_filled_rect
 .text.sysclk_init
                0x00002306       0x4e src/ASF/common/services/clock/xmega/sysclk.o
                0x00002306                sysclk_init
 .text.sysclk_enable_module
                0x00002354       0x18 src/ASF/common/services/clock/xmega/sysclk.o
                0x00002354                sysclk_enable_module
 .text.gfx_mono_draw_char
                0x0000236c       0xbc src/ASF/common/services/gfx_mono/gfx_mono_text.o
                0x0000236c                gfx_mono_draw_char
 .text.gfx_mono_draw_string
                0x00002428       0x52 src/ASF/common/services/gfx_mono/gfx_mono_text.o
                0x00002428                gfx_mono_draw_string
 .text.ccp_write_io
                0x0000247a        0xc src/ASF/xmega/drivers/cpu/ccp.o
                0x0000247a                ccp_write_io
 .text.ioport_configure_port_pin
                0x00002486       0x4e src/ASF/common/services/ioport/xmega/ioport_compat.o
                0x00002486                ioport_configure_port_pin
 .text.board_init
                0x000024d4      0x13a src/ASF/xmega/boards/xmega_a3bu_xplained/init.o
                0x000024d4                board_init
 .text.__portable_avr_delay_cycles
                0x0000260e        0xc src/main.o
 .text.setUpSerial
                0x0000261a       0x1c src/main.o
                0x0000261a                setUpSerial
 .text.sendString
                0x00002636       0x22 src/main.o
                0x00002636                sendString
 .text.receiveString
                0x00002658       0x56 src/main.o
                0x00002658                receiveString
 .text.receive  0x000026ae       0x38 src/main.o
 .text.freeHeap
                0x000026e6        0x4 src/main.o
 .text.setup_timer
                0x000026ea       0x3a src/main.o
                0x000026ea                setup_timer
 .text.setup_timer1
                0x00002724       0x3a src/main.o
                0x00002724                setup_timer1
 .text.main     0x0000275e       0x50 src/main.o
                0x0000275e                main
 .text.libgcc.div
                0x000027ae       0x44 c:/atmel/studio/7.0/toolchain/avr8/avr8-gnu-toolchain/bin/../lib/gcc/avr/5.4.0/avrxmega6\libgcc.a(_udivmodsi4.o)
                0x000027ae                __udivmodsi4
 .text.avr-libc
                0x000027f2       0x12 c:/atmel/studio/7.0/toolchain/avr8/avr8-gnu-toolchain/bin/../lib/gcc/avr/5.4.0/../../../../avr/lib/avrxmega6\libc.a(strcmp.o)
                0x000027f2                strcmp
                0x00002804                . = ALIGN (0x2)
 *(.fini9)
 .fini9         0x00002804        0x0 c:/atmel/studio/7.0/toolchain/avr8/avr8-gnu-toolchain/bin/../lib/gcc/avr/5.4.0/avrxmega6\libgcc.a(_exit.o)
                0x00002804                _exit
                0x00002804                exit
 *(.fini9)
 *(.fini8)
 *(.fini8)
 *(.fini7)
 *(.fini7)
 *(.fini6)
 *(.fini6)
 *(.fini5)
 *(.fini5)
 *(.fini4)
 *(.fini4)
 *(.fini3)
 *(.fini3)
 *(.fini2)
 *(.fini2)
 *(.fini1)
 *(.fini1)
 *(.fini0)
 .fini0         0x00002804        0x4 c:/atmel/studio/7.0/toolchain/avr8/avr8-gnu-toolchain/bin/../lib/gcc/avr/5.4.0/avrxmega6\libgcc.a(_exit.o)
 *(.fini0)
                0x00002808                _etext = .

.data           0x00802000       0x24 load address 0x00002808
                0x00802000                PROVIDE (__data_start, .)
 *(.data)
 *(.data*)
 .data.sysfont  0x00802000        0x7 src/ASF/common/services/gfx_mono/sysfont.o
                0x00802000                sysfont
 .data.USART_SERIAL_OPTIONS.6284
                0x00802007        0x7 src/main.o
 .data.str2     0x0080200e        0x2 src/main.o
                0x0080200e                str2
 .data.str1     0x00802010        0x2 src/main.o
                0x00802010                str1
 *(.rodata)
 *(.rodata*)
 .rodata.str1.1
                0x00802012       0x11 src/main.o
 *(.gnu.linkonce.d*)
                0x00802024                . = ALIGN (0x2)
 *fill*         0x00802023        0x1 
                0x00802024                _edata = .
                0x00802024                PROVIDE (__data_end, .)

.bss            0x00802024      0x2b4
                0x00802024                PROVIDE (__bss_start, .)
 *(.bss)
 *(.bss*)
 .bss.framebuffer
                0x00802024      0x200 src/ASF/common/services/gfx_mono/gfx_mono_c12832_a1z.o
 .bss.tc_tcf0_ccd_callback
                0x00802224        0x2 src/ASF/xmega/drivers/tc/tc.o
 .bss.tc_tcf0_ccc_callback
                0x00802226        0x2 src/ASF/xmega/drivers/tc/tc.o
 .bss.tc_tcf0_ccb_callback
                0x00802228        0x2 src/ASF/xmega/drivers/tc/tc.o
 .bss.tc_tcf0_cca_callback
                0x0080222a        0x2 src/ASF/xmega/drivers/tc/tc.o
 .bss.tc_tcf0_err_callback
                0x0080222c        0x2 src/ASF/xmega/drivers/tc/tc.o
 .bss.tc_tcf0_ovf_callback
                0x0080222e        0x2 src/ASF/xmega/drivers/tc/tc.o
 .bss.tc_tce1_ccb_callback
                0x00802230        0x2 src/ASF/xmega/drivers/tc/tc.o
 .bss.tc_tce1_cca_callback
                0x00802232        0x2 src/ASF/xmega/drivers/tc/tc.o
 .bss.tc_tce1_err_callback
                0x00802234        0x2 src/ASF/xmega/drivers/tc/tc.o
 .bss.tc_tce1_ovf_callback
                0x00802236        0x2 src/ASF/xmega/drivers/tc/tc.o
 .bss.tc_tce0_ccd_callback
                0x00802238        0x2 src/ASF/xmega/drivers/tc/tc.o
 .bss.tc_tce0_ccc_callback
                0x0080223a        0x2 src/ASF/xmega/drivers/tc/tc.o
 .bss.tc_tce0_ccb_callback
                0x0080223c        0x2 src/ASF/xmega/drivers/tc/tc.o
 .bss.tc_tce0_cca_callback
                0x0080223e        0x2 src/ASF/xmega/drivers/tc/tc.o
 .bss.tc_tce0_err_callback
                0x00802240        0x2 src/ASF/xmega/drivers/tc/tc.o
 .bss.tc_tce0_ovf_callback
                0x00802242        0x2 src/ASF/xmega/drivers/tc/tc.o
 .bss.tc_tcd1_ccb_callback
                0x00802244        0x2 src/ASF/xmega/drivers/tc/tc.o
 .bss.tc_tcd1_cca_callback
                0x00802246        0x2 src/ASF/xmega/drivers/tc/tc.o
 .bss.tc_tcd1_err_callback
                0x00802248        0x2 src/ASF/xmega/drivers/tc/tc.o
 .bss.tc_tcd1_ovf_callback
                0x0080224a        0x2 src/ASF/xmega/drivers/tc/tc.o
 .bss.tc_tcd0_ccd_callback
                0x0080224c        0x2 src/ASF/xmega/drivers/tc/tc.o
 .bss.tc_tcd0_ccc_callback
                0x0080224e        0x2 src/ASF/xmega/drivers/tc/tc.o
 .bss.tc_tcd0_ccb_callback
                0x00802250        0x2 src/ASF/xmega/drivers/tc/tc.o
 .bss.tc_tcd0_cca_callback
                0x00802252        0x2 src/ASF/xmega/drivers/tc/tc.o
 .bss.tc_tcd0_err_callback
                0x00802254        0x2 src/ASF/xmega/drivers/tc/tc.o
 .bss.tc_tcd0_ovf_callback
                0x00802256        0x2 src/ASF/xmega/drivers/tc/tc.o
 .bss.tc_tcc1_ccb_callback
                0x00802258        0x2 src/ASF/xmega/drivers/tc/tc.o
 .bss.tc_tcc1_cca_callback
                0x0080225a        0x2 src/ASF/xmega/drivers/tc/tc.o
 .bss.tc_tcc1_err_callback
                0x0080225c        0x2 src/ASF/xmega/drivers/tc/tc.o
 .bss.tc_tcc1_ovf_callback
                0x0080225e        0x2 src/ASF/xmega/drivers/tc/tc.o
 .bss.tc_tcc0_ccd_callback
                0x00802260        0x2 src/ASF/xmega/drivers/tc/tc.o
 .bss.tc_tcc0_ccc_callback
                0x00802262        0x2 src/ASF/xmega/drivers/tc/tc.o
 .bss.tc_tcc0_ccb_callback
                0x00802264        0x2 src/ASF/xmega/drivers/tc/tc.o
 .bss.tc_tcc0_cca_callback
                0x00802266        0x2 src/ASF/xmega/drivers/tc/tc.o
 .bss.tc_tcc0_err_callback
                0x00802268        0x2 src/ASF/xmega/drivers/tc/tc.o
 .bss.tc_tcc0_ovf_callback
                0x0080226a        0x2 src/ASF/xmega/drivers/tc/tc.o
 .bss.fbpointer
                0x0080226c        0x2 src/ASF/common/services/gfx_mono/gfx_mono_framebuffer.o
 .bss.reads     0x0080226e       0x64 src/main.o
 *(COMMON)
 COMMON         0x008022d2        0x6 src/ASF/common/services/sleepmgr/xmega/sleepmgr.o
                0x008022d2                sleepmgr_locks
                0x008022d8                PROVIDE (__bss_end, .)
                0x00002808                __data_load_start = LOADADDR (.data)
                0x0000282c                __data_load_end = (__data_load_start + SIZEOF (.data))

.noinit         0x008022d8        0x0
                [!provide]                PROVIDE (__noinit_start, .)
 *(.noinit*)
                [!provide]                PROVIDE (__noinit_end, .)
                0x008022d8                _end = .
                [!provide]                PROVIDE (__heap_start, .)

.eeprom         0x00810000        0x0
 *(.eeprom*)
                0x00810000                __eeprom_end = .

.fuse
 *(.fuse)
 *(.lfuse)
 *(.hfuse)
 *(.efuse)

.lock
 *(.lock*)

.signature
 *(.signature*)

.user_signatures
 *(.user_signatures*)

.stab
 *(.stab)

.stabstr
 *(.stabstr)

.stab.excl
 *(.stab.excl)

.stab.exclstr
 *(.stab.exclstr)

.stab.index
 *(.stab.index)

.stab.indexstr
 *(.stab.indexstr)

.comment        0x00000000       0x30
 *(.comment)
 .comment       0x00000000       0x30 src/ASF/common/components/display/st7565r/st7565r.o
                                 0x31 (size before relaxing)
 .comment       0x00000030       0x31 src/ASF/common/services/gfx_mono/gfx_mono_c12832_a1z.o
 .comment       0x00000030       0x31 src/ASF/common/services/sleepmgr/xmega/sleepmgr.o
 .comment       0x00000030       0x31 src/ASF/xmega/drivers/tc/tc.o
 .comment       0x00000030       0x31 src/ASF/xmega/drivers/usart/usart.o
 .comment       0x00000030       0x31 src/ASF/common/services/spi/xmega_usart_spi/usart_spi.o
 .comment       0x00000030       0x31 src/ASF/common/services/gfx_mono/gfx_mono_framebuffer.o
 .comment       0x00000030       0x31 src/ASF/common/services/gfx_mono/gfx_mono_generic.o
 .comment       0x00000030       0x31 src/ASF/common/services/clock/xmega/sysclk.o
 .comment       0x00000030       0x31 src/ASF/common/services/gfx_mono/gfx_mono_text.o
 .comment       0x00000030       0x31 src/ASF/common/services/gfx_mono/sysfont.o
 .comment       0x00000030       0x31 src/ASF/common/services/ioport/xmega/ioport_compat.o
 .comment       0x00000030       0x31 src/ASF/xmega/boards/xmega_a3bu_xplained/init.o
 .comment       0x00000030       0x31 src/main.o

.note.gnu.avr.deviceinfo
                0x00000000       0x44
 .note.gnu.avr.deviceinfo
                0x00000000       0x44 C:/Atmel/Studio/7.0/Packs/atmel/XMEGAA_DFP/1.1.68/gcc/dev/atxmega256a3bu/avrxmega6/crtatxmega256a3bu.o

.note.gnu.build-id
 *(.note.gnu.build-id)

.debug
 *(.debug)

.line
 *(.line)

.debug_srcinfo
 *(.debug_srcinfo)

.debug_sfnames
 *(.debug_sfnames)

.debug_aranges  0x00000000      0x4d0
 *(.debug_aranges)
 .debug_aranges
                0x00000000       0x28 src/ASF/common/components/display/st7565r/st7565r.o
 .debug_aranges
                0x00000028       0x60 src/ASF/common/services/gfx_mono/gfx_mono_c12832_a1z.o
 .debug_aranges
                0x00000088       0x18 src/ASF/common/services/sleepmgr/xmega/sleepmgr.o
 .debug_aranges
                0x000000a0      0x178 src/ASF/xmega/drivers/tc/tc.o
 .debug_aranges
                0x00000218       0x58 src/ASF/xmega/drivers/usart/usart.o
 .debug_aranges
                0x00000270       0x48 src/ASF/common/services/spi/xmega_usart_spi/usart_spi.o
 .debug_aranges
                0x000002b8       0x58 src/ASF/common/services/gfx_mono/gfx_mono_framebuffer.o
 .debug_aranges
                0x00000310       0x58 src/ASF/common/services/gfx_mono/gfx_mono_generic.o
 .debug_aranges
                0x00000368       0x40 src/ASF/common/services/clock/xmega/sysclk.o
 .debug_aranges
                0x000003a8       0x40 src/ASF/common/services/gfx_mono/gfx_mono_text.o
 .debug_aranges
                0x000003e8       0x20 src/ASF/xmega/drivers/cpu/ccp.o
 .debug_aranges
                0x00000408       0x18 src/ASF/common/services/gfx_mono/sysfont.o
 .debug_aranges
                0x00000420       0x20 src/ASF/common/services/ioport/xmega/ioport_compat.o
 .debug_aranges
                0x00000440       0x20 src/ASF/xmega/boards/xmega_a3bu_xplained/init.o
 .debug_aranges
                0x00000460       0x70 src/main.o

.debug_pubnames
 *(.debug_pubnames)

.debug_info     0x00000000    0x109f1
 *(.debug_info .gnu.linkonce.wi.*)
 .debug_info    0x00000000     0x3379 C:/Atmel/Studio/7.0/Packs/atmel/XMEGAA_DFP/1.1.68/gcc/dev/atxmega256a3bu/avrxmega6/crtatxmega256a3bu.o
 .debug_info    0x00003379     0x1947 src/ASF/common/components/display/st7565r/st7565r.o
 .debug_info    0x00004cc0     0x1de2 src/ASF/common/services/gfx_mono/gfx_mono_c12832_a1z.o
 .debug_info    0x00006aa2      0x129 src/ASF/common/services/sleepmgr/xmega/sleepmgr.o
 .debug_info    0x00006bcb     0x193c src/ASF/xmega/drivers/tc/tc.o
 .debug_info    0x00008507     0x2ce7 src/ASF/xmega/drivers/usart/usart.o
 .debug_info    0x0000b1ee      0xb7e src/ASF/common/services/spi/xmega_usart_spi/usart_spi.o
 .debug_info    0x0000bd6c      0x487 src/ASF/common/services/gfx_mono/gfx_mono_framebuffer.o
 .debug_info    0x0000c1f3      0xc10 src/ASF/common/services/gfx_mono/gfx_mono_generic.o
 .debug_info    0x0000ce03      0x850 src/ASF/common/services/clock/xmega/sysclk.o
 .debug_info    0x0000d653      0x71b src/ASF/common/services/gfx_mono/gfx_mono_text.o
 .debug_info    0x0000dd6e       0x79 src/ASF/xmega/drivers/cpu/ccp.o
 .debug_info    0x0000dde7      0x1af src/ASF/common/services/gfx_mono/sysfont.o
 .debug_info    0x0000df96      0x121 src/ASF/common/services/ioport/xmega/ioport_compat.o
 .debug_info    0x0000e0b7      0xaeb src/ASF/xmega/boards/xmega_a3bu_xplained/init.o
 .debug_info    0x0000eba2     0x1e4f src/main.o

.debug_abbrev   0x00000000     0x4f0c
 *(.debug_abbrev)
 .debug_abbrev  0x00000000     0x30c4 C:/Atmel/Studio/7.0/Packs/atmel/XMEGAA_DFP/1.1.68/gcc/dev/atxmega256a3bu/avrxmega6/crtatxmega256a3bu.o
 .debug_abbrev  0x000030c4      0x2a0 src/ASF/common/components/display/st7565r/st7565r.o
 .debug_abbrev  0x00003364      0x385 src/ASF/common/services/gfx_mono/gfx_mono_c12832_a1z.o
 .debug_abbrev  0x000036e9       0x84 src/ASF/common/services/sleepmgr/xmega/sleepmgr.o
 .debug_abbrev  0x0000376d      0x290 src/ASF/xmega/drivers/tc/tc.o
 .debug_abbrev  0x000039fd      0x3f5 src/ASF/xmega/drivers/usart/usart.o
 .debug_abbrev  0x00003df2      0x2d8 src/ASF/common/services/spi/xmega_usart_spi/usart_spi.o
 .debug_abbrev  0x000040ca      0x174 src/ASF/common/services/gfx_mono/gfx_mono_framebuffer.o
 .debug_abbrev  0x0000423e      0x1ac src/ASF/common/services/gfx_mono/gfx_mono_generic.o
 .debug_abbrev  0x000043ea      0x238 src/ASF/common/services/clock/xmega/sysclk.o
 .debug_abbrev  0x00004622      0x21c src/ASF/common/services/gfx_mono/gfx_mono_text.o
 .debug_abbrev  0x0000483e       0x14 src/ASF/xmega/drivers/cpu/ccp.o
 .debug_abbrev  0x00004852       0xe2 src/ASF/common/services/gfx_mono/sysfont.o
 .debug_abbrev  0x00004934       0x95 src/ASF/common/services/ioport/xmega/ioport_compat.o
 .debug_abbrev  0x000049c9      0x14a src/ASF/xmega/boards/xmega_a3bu_xplained/init.o
 .debug_abbrev  0x00004b13      0x3f9 src/main.o

.debug_line     0x00000000     0x82e4
 *(.debug_line .debug_line.* .debug_line_end)
 .debug_line    0x00000000      0x39d C:/Atmel/Studio/7.0/Packs/atmel/XMEGAA_DFP/1.1.68/gcc/dev/atxmega256a3bu/avrxmega6/crtatxmega256a3bu.o
 .debug_line    0x0000039d      0xa71 src/ASF/common/components/display/st7565r/st7565r.o
 .debug_line    0x00000e0e      0xd57 src/ASF/common/services/gfx_mono/gfx_mono_c12832_a1z.o
 .debug_line    0x00001b65      0x407 src/ASF/common/services/sleepmgr/xmega/sleepmgr.o
 .debug_line    0x00001f6c      0xe6a src/ASF/xmega/drivers/tc/tc.o
 .debug_line    0x00002dd6      0xc43 src/ASF/xmega/drivers/usart/usart.o
 .debug_line    0x00003a19      0x786 src/ASF/common/services/spi/xmega_usart_spi/usart_spi.o
 .debug_line    0x0000419f      0x8c8 src/ASF/common/services/gfx_mono/gfx_mono_framebuffer.o
 .debug_line    0x00004a67      0xbb5 src/ASF/common/services/gfx_mono/gfx_mono_generic.o
 .debug_line    0x0000561c      0x61e src/ASF/common/services/clock/xmega/sysclk.o
 .debug_line    0x00005c3a      0x952 src/ASF/common/services/gfx_mono/gfx_mono_text.o
 .debug_line    0x0000658c       0x6e src/ASF/xmega/drivers/cpu/ccp.o
 .debug_line    0x000065fa      0x772 src/ASF/common/services/gfx_mono/sysfont.o
 .debug_line    0x00006d6c      0x464 src/ASF/common/services/ioport/xmega/ioport_compat.o
 .debug_line    0x000071d0      0x48f src/ASF/xmega/boards/xmega_a3bu_xplained/init.o
 .debug_line    0x0000765f      0xc85 src/main.o

.debug_frame    0x00000000     0x1668
 *(.debug_frame)
 .debug_frame   0x00000000       0x68 src/ASF/common/components/display/st7565r/st7565r.o
 .debug_frame   0x00000068      0x1b4 src/ASF/common/services/gfx_mono/gfx_mono_c12832_a1z.o
 .debug_frame   0x0000021c      0xd04 src/ASF/xmega/drivers/tc/tc.o
 .debug_frame   0x00000f20      0x140 src/ASF/xmega/drivers/usart/usart.o
 .debug_frame   0x00001060       0x90 src/ASF/common/services/spi/xmega_usart_spi/usart_spi.o
 .debug_frame   0x000010f0       0xd0 src/ASF/common/services/gfx_mono/gfx_mono_framebuffer.o
 .debug_frame   0x000011c0      0x214 src/ASF/common/services/gfx_mono/gfx_mono_generic.o
 .debug_frame   0x000013d4       0x64 src/ASF/common/services/clock/xmega/sysclk.o
 .debug_frame   0x00001438      0x100 src/ASF/common/services/gfx_mono/gfx_mono_text.o
 .debug_frame   0x00001538       0x30 src/ASF/common/services/ioport/xmega/ioport_compat.o
 .debug_frame   0x00001568       0x24 src/ASF/xmega/boards/xmega_a3bu_xplained/init.o
 .debug_frame   0x0000158c       0xdc src/main.o

.debug_str      0x00000000    0x3131f
 *(.debug_str)
 .debug_str     0x00000000     0x21e4 C:/Atmel/Studio/7.0/Packs/atmel/XMEGAA_DFP/1.1.68/gcc/dev/atxmega256a3bu/avrxmega6/crtatxmega256a3bu.o
 .debug_str     0x000021e4    0x2a344 src/ASF/common/components/display/st7565r/st7565r.o
                              0x2ab97 (size before relaxing)
 .debug_str     0x0002c528      0xc05 src/ASF/common/services/gfx_mono/gfx_mono_c12832_a1z.o
                              0x2b498 (size before relaxing)
 .debug_str     0x0002d12d      0x3d4 src/ASF/common/services/sleepmgr/xmega/sleepmgr.o
                              0x275e9 (size before relaxing)
 .debug_str     0x0002d501      0xb02 src/ASF/xmega/drivers/tc/tc.o
                              0x2a3c3 (size before relaxing)
 .debug_str     0x0002e003      0x959 src/ASF/xmega/drivers/usart/usart.o
                              0x2ad22 (size before relaxing)
 .debug_str     0x0002e95c       0x87 src/ASF/common/services/spi/xmega_usart_spi/usart_spi.o
                              0x2a1e3 (size before relaxing)
 .debug_str     0x0002e9e3       0xba src/ASF/common/services/gfx_mono/gfx_mono_framebuffer.o
                              0x2b0b3 (size before relaxing)
 .debug_str     0x0002ea9d      0x213 src/ASF/common/services/gfx_mono/gfx_mono_generic.o
                              0x2b1f6 (size before relaxing)
 .debug_str     0x0002ecb0      0x2e3 src/ASF/common/services/clock/xmega/sysclk.o
                              0x299ed (size before relaxing)
 .debug_str     0x0002ef93      0x233 src/ASF/common/services/gfx_mono/gfx_mono_text.o
                              0x2b18a (size before relaxing)
 .debug_str     0x0002f1c6     0x10b0 src/ASF/common/services/gfx_mono/sysfont.o
                              0x2bfe7 (size before relaxing)
 .debug_str     0x00030276       0x77 src/ASF/common/services/ioport/xmega/ioport_compat.o
                              0x278a0 (size before relaxing)
 .debug_str     0x000302ed       0xf7 src/ASF/xmega/boards/xmega_a3bu_xplained/init.o
                              0x2931a (size before relaxing)
 .debug_str     0x000303e4      0xf3b src/main.o
                              0x2dd92 (size before relaxing)

.debug_loc      0x00000000     0x78df
 *(.debug_loc)
 .debug_loc     0x00000000      0x7d7 src/ASF/common/components/display/st7565r/st7565r.o
 .debug_loc     0x000007d7     0x1382 src/ASF/common/services/gfx_mono/gfx_mono_c12832_a1z.o
 .debug_loc     0x00001b59     0x1ddc src/ASF/xmega/drivers/tc/tc.o
 .debug_loc     0x00003935      0xec9 src/ASF/xmega/drivers/usart/usart.o
 .debug_loc     0x000047fe      0x56c src/ASF/common/services/spi/xmega_usart_spi/usart_spi.o
 .debug_loc     0x00004d6a      0x61c src/ASF/common/services/gfx_mono/gfx_mono_framebuffer.o
 .debug_loc     0x00005386     0x11c5 src/ASF/common/services/gfx_mono/gfx_mono_generic.o
 .debug_loc     0x0000654b      0x240 src/ASF/common/services/clock/xmega/sysclk.o
 .debug_loc     0x0000678b      0x9a2 src/ASF/common/services/gfx_mono/gfx_mono_text.o
 .debug_loc     0x0000712d       0x66 src/ASF/common/services/ioport/xmega/ioport_compat.o
 .debug_loc     0x00007193      0x3fa src/ASF/xmega/boards/xmega_a3bu_xplained/init.o
 .debug_loc     0x0000758d      0x352 src/main.o

.debug_macinfo
 *(.debug_macinfo)

.debug_weaknames
 *(.debug_weaknames)

.debug_funcnames
 *(.debug_funcnames)

.debug_typenames
 *(.debug_typenames)

.debug_varnames
 *(.debug_varnames)

.debug_pubtypes
 *(.debug_pubtypes)

.debug_ranges   0x00000000      0x590
 *(.debug_ranges)
 .debug_ranges  0x00000000       0x18 src/ASF/common/components/display/st7565r/st7565r.o
 .debug_ranges  0x00000018      0x188 src/ASF/common/services/gfx_mono/gfx_mono_c12832_a1z.o
 .debug_ranges  0x000001a0      0x168 src/ASF/xmega/drivers/tc/tc.o
 .debug_ranges  0x00000308       0x80 src/ASF/xmega/drivers/usart/usart.o
 .debug_ranges  0x00000388       0x98 src/ASF/common/services/spi/xmega_usart_spi/usart_spi.o
 .debug_ranges  0x00000420       0x48 src/ASF/common/services/gfx_mono/gfx_mono_framebuffer.o
 .debug_ranges  0x00000468       0x48 src/ASF/common/services/gfx_mono/gfx_mono_generic.o
 .debug_ranges  0x000004b0       0x30 src/ASF/common/services/clock/xmega/sysclk.o
 .debug_ranges  0x000004e0       0x30 src/ASF/common/services/gfx_mono/gfx_mono_text.o
 .debug_ranges  0x00000510       0x10 src/ASF/common/services/ioport/xmega/ioport_compat.o
 .debug_ranges  0x00000520       0x10 src/ASF/xmega/boards/xmega_a3bu_xplained/init.o
 .debug_ranges  0x00000530       0x60 src/main.o

.debug_macro    0x00000000     0xbfc3
 *(.debug_macro)
 .debug_macro   0x00000000      0x276 src/ASF/common/components/display/st7565r/st7565r.o
 .debug_macro   0x00000276      0xa9c src/ASF/common/components/display/st7565r/st7565r.o
 .debug_macro   0x00000d12       0x10 src/ASF/common/components/display/st7565r/st7565r.o
 .debug_macro   0x00000d22      0x1c9 src/ASF/common/components/display/st7565r/st7565r.o
 .debug_macro   0x00000eeb      0x2fc src/ASF/common/components/display/st7565r/st7565r.o
 .debug_macro   0x000011e7       0x9e src/ASF/common/components/display/st7565r/st7565r.o
 .debug_macro   0x00001285     0x6271 src/ASF/common/components/display/st7565r/st7565r.o
 .debug_macro   0x000074f6       0x9a src/ASF/common/components/display/st7565r/st7565r.o
 .debug_macro   0x00007590       0xf1 src/ASF/common/components/display/st7565r/st7565r.o
 .debug_macro   0x00007681       0x34 src/ASF/common/components/display/st7565r/st7565r.o
 .debug_macro   0x000076b5       0x16 src/ASF/common/components/display/st7565r/st7565r.o
 .debug_macro   0x000076cb       0x18 src/ASF/common/components/display/st7565r/st7565r.o
 .debug_macro   0x000076e3       0x5e src/ASF/common/components/display/st7565r/st7565r.o
 .debug_macro   0x00007741       0x10 src/ASF/common/components/display/st7565r/st7565r.o
 .debug_macro   0x00007751       0x22 src/ASF/common/components/display/st7565r/st7565r.o
 .debug_macro   0x00007773      0x16d src/ASF/common/components/display/st7565r/st7565r.o
 .debug_macro   0x000078e0       0x1c src/ASF/common/components/display/st7565r/st7565r.o
 .debug_macro   0x000078fc       0x35 src/ASF/common/components/display/st7565r/st7565r.o
 .debug_macro   0x00007931       0x66 src/ASF/common/components/display/st7565r/st7565r.o
 .debug_macro   0x00007997      0x4d1 src/ASF/common/components/display/st7565r/st7565r.o
 .debug_macro   0x00007e68       0x97 src/ASF/common/components/display/st7565r/st7565r.o
 .debug_macro   0x00007eff       0x17 src/ASF/common/components/display/st7565r/st7565r.o
 .debug_macro   0x00007f16      0x250 src/ASF/common/components/display/st7565r/st7565r.o
 .debug_macro   0x00008166       0x76 src/ASF/common/components/display/st7565r/st7565r.o
 .debug_macro   0x000081dc       0x16 src/ASF/common/components/display/st7565r/st7565r.o
 .debug_macro   0x000081f2      0x6e3 src/ASF/common/components/display/st7565r/st7565r.o
 .debug_macro   0x000088d5       0x10 src/ASF/common/components/display/st7565r/st7565r.o
 .debug_macro   0x000088e5      0x175 src/ASF/common/components/display/st7565r/st7565r.o
 .debug_macro   0x00008a5a       0x40 src/ASF/common/components/display/st7565r/st7565r.o
 .debug_macro   0x00008a9a       0x69 src/ASF/common/components/display/st7565r/st7565r.o
 .debug_macro   0x00008b03       0x32 src/ASF/common/components/display/st7565r/st7565r.o
 .debug_macro   0x00008b35       0xe4 src/ASF/common/components/display/st7565r/st7565r.o
 .debug_macro   0x00008c19       0x22 src/ASF/common/components/display/st7565r/st7565r.o
 .debug_macro   0x00008c3b      0x248 src/ASF/common/components/display/st7565r/st7565r.o
 .debug_macro   0x00008e83      0x303 src/ASF/common/components/display/st7565r/st7565r.o
 .debug_macro   0x00009186       0x7d src/ASF/common/components/display/st7565r/st7565r.o
 .debug_macro   0x00009203       0x2f src/ASF/common/components/display/st7565r/st7565r.o
 .debug_macro   0x00009232      0x154 src/ASF/common/components/display/st7565r/st7565r.o
 .debug_macro   0x00009386       0x82 src/ASF/common/components/display/st7565r/st7565r.o
 .debug_macro   0x00009408      0x109 src/ASF/common/components/display/st7565r/st7565r.o
 .debug_macro   0x00009511       0x28 src/ASF/common/components/display/st7565r/st7565r.o
 .debug_macro   0x00009539       0x23 src/ASF/common/components/display/st7565r/st7565r.o
 .debug_macro   0x0000955c       0x3a src/ASF/common/components/display/st7565r/st7565r.o
 .debug_macro   0x00009596      0x100 src/ASF/common/components/display/st7565r/st7565r.o
 .debug_macro   0x00009696       0x34 src/ASF/common/components/display/st7565r/st7565r.o
 .debug_macro   0x000096ca       0x2e src/ASF/common/components/display/st7565r/st7565r.o
 .debug_macro   0x000096f8      0x2ba src/ASF/common/services/gfx_mono/gfx_mono_c12832_a1z.o
 .debug_macro   0x000099b2       0x7a src/ASF/common/services/gfx_mono/gfx_mono_c12832_a1z.o
 .debug_macro   0x00009a2c       0x89 src/ASF/common/services/gfx_mono/gfx_mono_c12832_a1z.o
 .debug_macro   0x00009ab5      0x1a3 src/ASF/common/services/sleepmgr/xmega/sleepmgr.o
 .debug_macro   0x00009c58       0x10 src/ASF/common/services/sleepmgr/xmega/sleepmgr.o
 .debug_macro   0x00009c68       0x42 src/ASF/common/services/sleepmgr/xmega/sleepmgr.o
 .debug_macro   0x00009caa      0x225 src/ASF/xmega/drivers/tc/tc.o
 .debug_macro   0x00009ecf      0x302 src/ASF/xmega/drivers/tc/tc.o
 .debug_macro   0x0000a1d1       0x12 src/ASF/xmega/drivers/tc/tc.o
 .debug_macro   0x0000a1e3      0x221 src/ASF/xmega/drivers/usart/usart.o
 .debug_macro   0x0000a404      0x234 src/ASF/common/services/spi/xmega_usart_spi/usart_spi.o
 .debug_macro   0x0000a638      0x2ae src/ASF/common/services/gfx_mono/gfx_mono_framebuffer.o
 .debug_macro   0x0000a8e6      0x2ae src/ASF/common/services/gfx_mono/gfx_mono_generic.o
 .debug_macro   0x0000ab94      0x1db src/ASF/common/services/clock/xmega/sysclk.o
 .debug_macro   0x0000ad6f       0x26 src/ASF/common/services/clock/xmega/sysclk.o
 .debug_macro   0x0000ad95      0x2d5 src/ASF/common/services/gfx_mono/gfx_mono_text.o
 .debug_macro   0x0000b06a       0xaa src/ASF/common/services/gfx_mono/gfx_mono_text.o
 .debug_macro   0x0000b114      0x2db src/ASF/common/services/gfx_mono/sysfont.o
 .debug_macro   0x0000b3ef       0x3a src/ASF/common/services/gfx_mono/sysfont.o
 .debug_macro   0x0000b429      0x193 src/ASF/common/services/ioport/xmega/ioport_compat.o
 .debug_macro   0x0000b5bc      0x1b5 src/ASF/xmega/boards/xmega_a3bu_xplained/init.o
 .debug_macro   0x0000b771       0x2e src/ASF/xmega/boards/xmega_a3bu_xplained/init.o
 .debug_macro   0x0000b79f      0x242 src/ASF/xmega/boards/xmega_a3bu_xplained/init.o
 .debug_macro   0x0000b9e1      0x3da src/main.o
 .debug_macro   0x0000bdbb       0x34 src/main.o
 .debug_macro   0x0000bdef       0x46 src/main.o
 .debug_macro   0x0000be35       0x18 src/main.o
 .debug_macro   0x0000be4d       0x1c src/main.o
 .debug_macro   0x0000be69       0x58 src/main.o
 .debug_macro   0x0000bec1       0x10 src/main.o
 .debug_macro   0x0000bed1       0xf2 src/main.o
OUTPUT(tesUSART_6_2.elf elf32-avr)
LOAD linker stubs

.BOOT           0x00040000        0x0
